[www.imdb.com/list/ls058011111/index.html]
[www.imdb.com/name/nm0001047/index.html]
[www.imdb.com/name/nm0000197/index.html]
[www.imdb.com/name/nm0000323/index.html]
[www.imdb.com/name/nm0000134/index.html]
[www.imdb.com/name/nm0000056/index.html]
[www.imdb.com/name/nm0000059/index.html]
[www.imdb.com/name/nm0000008/index.html]
[www.imdb.com/name/nm0000158/index.html]
[www.imdb.com/name/nm0000138/index.html]
[www.imdb.com/name/nm0000007/index.html]
[www.imdb.com/name/nm0000136/index.html]
[www.imdb.com/name/nm0000199/index.html]
[www.imdb.com/name/nm0000243/index.html]
[www.imdb.com/name/nm0071657/index.html]
[www.imdb.com/name/nm0000636/index.html]
[www.imdb.com/name/nm0000358/index.html]
[www.imdb.com/name/nm0000093/index.html]
[www.imdb.com/name/nm0000129/index.html]
[www.imdb.com/name/nm0000026/index.html]
[www.imdb.com/name/nm0000022/index.html]
[www.imdb.com/name/nm0000163/index.html]
[www.imdb.com/name/nm0000576/index.html]
[www.imdb.com/name/nm0752527/index.html]
[www.imdb.com/name/nm0000288/index.html]
[www.imdb.com/name/nm0000060/index.html]
[www.imdb.com/name/nm0000075/index.html]
[www.imdb.com/name/nm0000148/index.html]
[www.imdb.com/name/nm0002285/index.html]
[www.imdb.com/name/nm0167040/index.html]
[www.imdb.com/name/nm0000123/index.html]
[www.imdb.com/name/nm0167041/index.html]
[www.imdb.com/name/nm0000032/index.html]
[www.imdb.com/name/nm0000009/index.html]
[www.imdb.com/name/nm0000164/index.html]
[www.imdb.com/name/nm0000128/index.html]
[www.imdb.com/name/nm0000031/index.html]
[www.imdb.com/name/nm0000006/index.html]
[www.imdb.com/name/nm0000658/index.html]
[www.imdb.com/name/nm0000054/index.html]
[www.imdb.com/name/nm2225369/index.html]
[www.imdb.com/name/nm0000701/index.html]
[www.imdb.com/name/nm0000072/index.html]
[www.imdb.com/name/nm0000949/index.html]
[www.imdb.com/name/nm0000030/index.html]
[www.imdb.com/name/nm0000545/index.html]
[www.imdb.com/name/nm0000012/index.html]
[www.imdb.com/name/nm0000173/index.html]
[www.imdb.com/name/nm1184542/index.html]
[www.imdb.com/name/nm0000113/index.html]
[www.imdb.com/name/nm0000204/index.html]
[www.imdb.com/name/nm0000149/index.html]
[www.imdb.com/name/nm0010736/index.html]
[www.imdb.com/name/nm0001132/index.html]
[www.imdb.com/name/nm0000210/index.html]
[www.imdb.com/name/nm0860117/index.html]
[www.imdb.com/name/nm0000668/index.html]
[www.imdb.com/name/nm0492373/index.html]
[www.imdb.com/name/nm0860724/index.html]
[www.imdb.com/name/nm0000473/index.html]
[www.imdb.com/name/nm0000038/index.html]
[www.imdb.com/name/nm0000511/index.html]
[www.imdb.com/name/nm0000886/index.html]
[www.imdb.com/name/nm0000702/index.html]
[www.imdb.com/name/nm3105211/index.html]
[www.imdb.com/name/nm0000234/index.html]
[www.imdb.com/name/nm0000023/index.html]
[www.imdb.com/name/nm0001627/index.html]
[www.imdb.com/name/nm0000078/index.html]
[www.imdb.com/name/nm0000354/index.html]
[www.imdb.com/name/nm1497320/index.html]
[www.imdb.com/name/nm1497472/index.html]
[www.imdb.com/name/nm0000015/index.html]
[www.imdb.com/name/nm0000380/index.html]
[www.imdb.com/name/nm0000018/index.html]
[www.imdb.com/name/nm0000020/index.html]
[www.imdb.com/name/nm0910607/index.html]
[www.imdb.com/name/nm0000245/index.html]
[www.imdb.com/name/nm0000080/index.html]
[www.imdb.com/name/nm0000233/index.html]
[www.imdb.com/name/nm0005132/index.html]
[www.imdb.com/name/nm0000125/index.html]
[www.imdb.com/name/nm0000228/index.html]
[www.imdb.com/name/nm0000432/index.html]
[www.imdb.com/name/nm0000553/index.html]
[www.imdb.com/name/nm0001570/index.html]
[www.imdb.com/name/nm0000246/index.html]
[www.imdb.com/name/nm0000011/index.html]
[www.imdb.com/name/nm1685403/index.html]
[www.imdb.com/name/nm0000450/index.html]
[www.imdb.com/name/nm0000146/index.html]
[www.imdb.com/name/nm0000602/index.html]
[www.imdb.com/name/nm0276397/index.html]
[www.imdb.com/name/nm0276396/index.html]
[www.imdb.com/name/nm0001618/index.html]
[www.imdb.com/name/nm0000537/index.html]
[www.imdb.com/name/nm0000046/index.html]
[www.imdb.com/name/nm0000226/index.html]
[www.imdb.com/name/nm0001401/index.html]
[www.imdb.com/name/nm5362894/index.html]
[www.imdb.com/name/nm0004266/index.html]
[www.imdb.com/name/nm1684668/index.html]
[www.imdb.com/name/nm0189117/index.html]
[www.imdb.com/name/nm0827137/index.html]
[www.imdb.com/name/nm0001749/index.html]
[www.imdb.com/name/nm0000014/index.html]
[www.imdb.com/name/nm0000021/index.html]
[www.imdb.com/name/nm0002093/index.html]
[www.imdb.com/name/nm0001766/index.html]
[www.imdb.com/name/nm0001159/index.html]
[www.imdb.com/name/nm0001333/index.html]
[www.imdb.com/name/nm0000995/index.html]
[www.imdb.com/name/nm0943837/index.html]
[www.imdb.com/name/nm0000047/index.html]
[www.imdb.com/name/nm1958438/index.html]
[www.imdb.com/name/nm0001076/index.html]
[www.imdb.com/name/nm0000870/index.html]
[www.imdb.com/name/nm0182839/index.html]
[www.imdb.com/name/nm0000267/index.html]
[www.imdb.com/name/nm0182838/index.html]
[www.imdb.com/name/nm0632623/index.html]
[www.imdb.com/name/nm0664257/index.html]
[www.imdb.com/name/nm0000039/index.html]
[www.imdb.com/name/nm0000651/index.html]
[www.imdb.com/name/nm0707023/index.html]
[www.imdb.com/name/nm0000215/index.html]
[www.imdb.com/name/nm0167084/index.html]
[www.imdb.com/name/nm0000335/index.html]
[www.imdb.com/list/ls058011111/index72a9.html]
[www.imdb.com/name/nm0000081/index.html]
[www.imdb.com/name/nm0000013/index.html]
[www.imdb.com/name/nm0000404/index.html]
