[www.imdb.com/list/ls058011111/index27d2.html]
[www.imdb.com/name/nm0108728/index.html]
[www.imdb.com/name/nm0000978/index.html]
[www.imdb.com/name/nm0000313/index.html]
[www.imdb.com/name/nm0000977/index.html]
[www.imdb.com/name/nm0252230/index.html]
[www.imdb.com/name/nm0000169/index.html]
[www.imdb.com/name/nm0001426/index.html]
[www.imdb.com/name/nm0000168/index.html]
[www.imdb.com/name/nm0000493/index.html]
[www.imdb.com/name/nm0000582/index.html]
[www.imdb.com/name/nm0001626/index.html]
[www.imdb.com/name/nm0001715/index.html]
[www.imdb.com/name/nm0000686/index.html]
[www.imdb.com/name/nm0000151/index.html]
[www.imdb.com/name/nm0871455/index.html]
[www.imdb.com/name/nm0000237/index.html]
[www.imdb.com/name/nm0000071/index.html]
[www.imdb.com/name/nm0000190/index.html]
[www.imdb.com/name/nm0000564/index.html]
[www.imdb.com/name/nm0000010/index.html]
[www.imdb.com/name/nm0000131/index.html]
[www.imdb.com/name/nm0005212/index.html]
[www.imdb.com/name/nm0000195/index.html]
[www.imdb.com/name/nm0236519/index.html]
[www.imdb.com/name/nm0615063/index.html]
[www.imdb.com/name/nm0002049/index.html]
[www.imdb.com/name/nm0235991/index.html]
[www.imdb.com/name/nm0000375/index.html]
[www.imdb.com/name/nm1692024/index.html]
[www.imdb.com/name/nm0000115/index.html]
[www.imdb.com/name/nm0000698/index.html]
[www.imdb.com/name/nm0000338/index.html]
[www.imdb.com/name/nm0182716/index.html]
[www.imdb.com/name/nm0000126/index.html]
[www.imdb.com/name/nm0182722/index.html]
[www.imdb.com/name/nm0000661/index.html]
[www.imdb.com/name/nm0000662/index.html]
[www.imdb.com/name/nm0001136/index.html]
[www.imdb.com/name/nm0001257/index.html]
[www.imdb.com/name/nm0428354/index.html]
[www.imdb.com/name/nm0908153/index.html]
[www.imdb.com/name/nm0275992/index.html]
[www.imdb.com/name/nm0000398/index.html]
[www.imdb.com/name/nm0537146/index.html]
[www.imdb.com/name/nm0572633/index.html]
[www.imdb.com/name/nm0001256/index.html]
[www.imdb.com/name/nm0445656/index.html]
[www.imdb.com/name/nm0000456/index.html]
[www.imdb.com/name/nm0005476/index.html]
[www.imdb.com/name/nm0001055/index.html]
[www.imdb.com/name/nm0000178/index.html]
[www.imdb.com/name/nm0001448/index.html]
[www.imdb.com/name/nm0001124/index.html]
[www.imdb.com/name/nm0841797/index.html]
[www.imdb.com/name/nm0000002/index.html]
[www.imdb.com/name/nm0000531/index.html]
[www.imdb.com/name/nm0790454/index.html]
[www.imdb.com/name/nm0784407/index.html]
[www.imdb.com/name/nm0790431/index.html]
[www.imdb.com/name/nm0790418/index.html]
[www.imdb.com/name/nm0001328/index.html]
[www.imdb.com/name/nm0001546/index.html]
[www.imdb.com/name/nm0000541/index.html]
[www.imdb.com/name/nm0536167/index.html]
[www.imdb.com/name/nm0000932/index.html]
[www.imdb.com/name/nm0077560/index.html]
[www.imdb.com/name/nm0000107/index.html]
[www.imdb.com/name/nm0000232/index.html]
[www.imdb.com/name/nm0413559/index.html]
[www.imdb.com/name/nm0001656/index.html]
[www.imdb.com/name/nm0000133/index.html]
[www.imdb.com/name/nm0000193/index.html]
[www.imdb.com/name/nm0679410/index.html]
[www.imdb.com/name/nm0000201/index.html]
[www.imdb.com/name/nm0679427/index.html]
[www.imdb.com/name/nm0591486/index.html]
[www.imdb.com/name/nm0591485/index.html]
[www.imdb.com/name/nm0000122/index.html]
[www.imdb.com/name/nm0000634/index.html]
[www.imdb.com/name/nm0000095/index.html]
[www.imdb.com/name/nm1585176/index.html]
[www.imdb.com/name/nm0000685/index.html]
[www.imdb.com/name/nm0000154/index.html]
[www.imdb.com/name/nm0000120/index.html]
[www.imdb.com/name/nm0000242/index.html]
[www.imdb.com/name/nm0000849/index.html]
[www.imdb.com/name/nm0000188/index.html]
[www.imdb.com/name/nm0054225/index.html]
[www.imdb.com/name/nm0054224/index.html]
[www.imdb.com/name/nm0616344/index.html]
[www.imdb.com/name/nm1892669/index.html]
[www.imdb.com/name/nm0730349/index.html]
[www.imdb.com/name/nm0730420/index.html]
[www.imdb.com/name/nm0000209/index.html]
[www.imdb.com/name/nm0001837/index.html]
[www.imdb.com/name/nm0001557/index.html]
[www.imdb.com/name/nm0000230/index.html]
[www.imdb.com/name/nm0000216/index.html]
[www.imdb.com/name/nm0915989/index.html]
[www.imdb.com/name/nm0000027/index.html]
[www.imdb.com/name/nm0001691/index.html]
[www.imdb.com/name/nm0000489/index.html]
[www.imdb.com/name/nm0000287/index.html]
[www.imdb.com/name/nm0000285/index.html]
[www.imdb.com/name/nm0000286/index.html]
[www.imdb.com/name/nm0000838/index.html]
[www.imdb.com/name/nm0001001/index.html]
[www.imdb.com/name/nm0005467/index.html]
[www.imdb.com/name/nm0000140/index.html]
[www.imdb.com/name/nm0001774/index.html]
[www.imdb.com/name/nm0575198/index.html]
[www.imdb.com/name/nm0000941/index.html]
[www.imdb.com/name/nm0000353/index.html]
[www.imdb.com/name/nm0000438/index.html]
[www.imdb.com/name/nm0000172/index.html]
[www.imdb.com/name/nm0946811/index.html]
[www.imdb.com/name/nm0000631/index.html]
[www.imdb.com/name/nm0000217/index.html]
[www.imdb.com/name/nm0058203/index.html]
[www.imdb.com/name/nm0000857/index.html]
[www.imdb.com/name/nm0000106/index.html]
[www.imdb.com/name/nm0000229/index.html]
[www.imdb.com/name/nm0000213/index.html]
[www.imdb.com/name/nm0000678/index.html]
[www.imdb.com/name/nm0000235/index.html]
[www.imdb.com/name/nm0862200/index.html]
[www.imdb.com/name/nm0862201/index.html]
[www.imdb.com/name/nm0567408/index.html]
[www.imdb.com/name/nm0828419/index.html]
[www.imdb.com/name/nm0000623/index.html]
[www.imdb.com/name/nm0000906/index.html]
[www.imdb.com/name/nm0915961/index.html]
[www.imdb.com/name/nm0408876/index.html]
[www.imdb.com/name/nm0000244/index.html]
[www.imdb.com/name/nm0940946/index.html]
[www.imdb.com/name/nm0000659/index.html]
[www.imdb.com/name/nm0000079/index.html]
[www.imdb.com/name/nm0095804/index.html]
[www.imdb.com/name/nm0564790/index.html]
[www.imdb.com/name/nm0001848/index.html]
[www.imdb.com/name/nm0001378/index.html]
[www.imdb.com/name/nm0001379/index.html]
[www.imdb.com/name/nm0370359/index.html]
[www.imdb.com/name/nm2938627/index.html]
[www.imdb.com/name/nm0370360/index.html]
[www.imdb.com/name/nm0000443/index.html]
[www.imdb.com/name/nm0291504/index.html]
[www.imdb.com/name/nm0001114/index.html]
[www.imdb.com/name/nm0001012/index.html]
[www.imdb.com/name/nm0000569/index.html]
[www.imdb.com/name/nm0001591/index.html]
[www.imdb.com/name/nm0001100/index.html]
[www.imdb.com/name/nm0000194/index.html]
[www.imdb.com/name/nm0000700/index.html]
[www.imdb.com/name/nm0000207/index.html]
[www.imdb.com/name/nm0000300/index.html]
[www.imdb.com/name/nm0923309/index.html]
[www.imdb.com/list/ls058011111/indexd98c.html]
[www.imdb.com/name/nm0360305/index.html]
[www.imdb.com/name/nm0000435/index.html]
