[www.imdb.com/list/ls058011111/index3968.html]
[www.imdb.com/name/nm0001752/index.html]
[www.imdb.com/name/nm0001125/index.html]
[www.imdb.com/name/nm0000102/index.html]
[www.imdb.com/name/nm0000155/index.html]
[www.imdb.com/name/nm0842029/index.html]
[www.imdb.com/name/nm0000664/index.html]
[www.imdb.com/name/nm0000323/index.html]
[www.imdb.com/name/nm0000044/index.html]
[www.imdb.com/name/nm0000142/index.html]
[www.imdb.com/name/nm0000053/index.html]
[www.imdb.com/name/nm0268199/index.html]
[www.imdb.com/name/nm0001708/index.html]
[www.imdb.com/name/nm0000034/index.html]
[www.imdb.com/name/nm0000064/index.html]
[www.imdb.com/name/nm0001635/index.html]
[www.imdb.com/name/nm0001224/index.html]
[www.imdb.com/name/nm2580347/index.html]
[www.imdb.com/name/nm0000050/index.html]
[www.imdb.com/name/nm0349310/index.html]
[www.imdb.com/name/nm0000051/index.html]
[www.imdb.com/name/nm0466099/index.html]
[www.imdb.com/name/nm0000036/index.html]
[www.imdb.com/name/nm0396378/index.html]
[www.imdb.com/name/nm0001211/index.html]
[www.imdb.com/name/nm0732408/index.html]
[www.imdb.com/name/nm0134662/index.html]
[www.imdb.com/name/nm0444172/index.html]
[www.imdb.com/name/nm0444176/index.html]
[www.imdb.com/name/nm0427231/index.html]
[www.imdb.com/name/nm0039938/index.html]
[www.imdb.com/name/nm0000037/index.html]
[www.imdb.com/name/nm0000001/index.html]
[www.imdb.com/name/nm0177896/index.html]
[www.imdb.com/name/nm0000179/index.html]
[www.imdb.com/name/nm1500155/index.html]
[www.imdb.com/name/nm0316079/index.html]
[www.imdb.com/name/nm0001845/index.html]
[www.imdb.com/name/nm2012087/index.html]
[www.imdb.com/name/nm0001467/index.html]
[www.imdb.com/name/nm2891447/index.html]
[www.imdb.com/name/nm1706767/index.html]
[www.imdb.com/name/nm3206443/index.html]
[www.imdb.com/name/nm2788156/index.html]
[www.imdb.com/name/nm1655276/index.html]
[www.imdb.com/name/nm1055413/index.html]
[www.imdb.com/name/nm0001788/index.html]
[www.imdb.com/name/nm0000840/index.html]
[www.imdb.com/name/nm0000993/index.html]
[www.imdb.com/name/nm0000166/index.html]
[www.imdb.com/name/nm0000099/index.html]
[www.imdb.com/name/nm0402460/index.html]
[www.imdb.com/name/nm0000544/index.html]
[www.imdb.com/name/nm0005028/index.html]
[www.imdb.com/name/nm0001876/index.html]
[www.imdb.com/name/nm0000139/index.html]
[www.imdb.com/name/nm0001666/index.html]
[www.imdb.com/name/nm0002149/index.html]
[www.imdb.com/name/nm0000028/index.html]
[www.imdb.com/name/nm0000058/index.html]
[www.imdb.com/name/nm0372176/index.html]
[www.imdb.com/name/nm0001485/index.html]
[www.imdb.com/name/nm0001057/index.html]
[www.imdb.com/name/nm1742205/index.html]
[www.imdb.com/name/nm0001473/index.html]
[www.imdb.com/name/nm0000017/index.html]
[www.imdb.com/name/nm0001479/index.html]
[www.imdb.com/name/nm0000795/index.html]
[www.imdb.com/name/nm0001318/index.html]
[www.imdb.com/name/nm0001677/index.html]
[www.imdb.com/name/nm0922213/index.html]
[www.imdb.com/name/nm0681933/index.html]
[www.imdb.com/name/nm0000096/index.html]
[www.imdb.com/name/nm0914612/index.html]
[www.imdb.com/name/nm0000212/index.html]
[www.imdb.com/name/nm0000273/index.html]
[www.imdb.com/name/nm1212722/index.html]
[www.imdb.com/name/nm1165110/index.html]
[www.imdb.com/name/nm1292661/index.html]
[www.imdb.com/name/nm2955013/index.html]
[www.imdb.com/name/nm0147147/index.html]
[www.imdb.com/name/nm0362766/index.html]
[www.imdb.com/name/nm0634240/index.html]
[www.imdb.com/name/nm0241121/index.html]
[www.imdb.com/name/nm1207938/index.html]
[www.imdb.com/name/nm0758912/index.html]
[www.imdb.com/name/nm1572285/index.html]
[www.imdb.com/name/nm1048050/index.html]
[www.imdb.com/name/nm0000147/index.html]
[www.imdb.com/name/nm2707683/index.html]
[www.imdb.com/name/nm0004937/index.html]
[www.imdb.com/name/nm0004778/index.html]
[www.imdb.com/name/nm0000905/index.html]
[www.imdb.com/name/nm0000458/index.html]
[www.imdb.com/name/nm0000343/index.html]
[www.imdb.com/name/nm0000460/index.html]
[www.imdb.com/name/nm0000719/index.html]
[www.imdb.com/name/nm0002075/index.html]
[www.imdb.com/name/nm0000377/index.html]
[www.imdb.com/name/nm0138770/index.html]
[www.imdb.com/name/nm0731772/index.html]
[www.imdb.com/name/nm0001768/index.html]
[www.imdb.com/name/nm0695435/index.html]
[www.imdb.com/name/nm0001511/index.html]
[www.imdb.com/name/nm0001322/index.html]
[www.imdb.com/name/nm0417837/index.html]
[www.imdb.com/name/nm0001703/index.html]
[www.imdb.com/name/nm0002001/index.html]
[www.imdb.com/name/nm0000052/index.html]
[www.imdb.com/name/nm0000989/index.html]
[www.imdb.com/name/nm0000057/index.html]
[www.imdb.com/name/nm1631269/index.html]
[www.imdb.com/name/nm2053066/index.html]
[www.imdb.com/name/nm0000308/index.html]
[www.imdb.com/name/nm0447695/index.html]
[www.imdb.com/name/nm0447720/index.html]
[www.imdb.com/name/nm0001833/index.html]
[www.imdb.com/name/nm0000307/index.html]
[www.imdb.com/name/nm0461139/index.html]
[www.imdb.com/name/nm0461136/index.html]
[www.imdb.com/name/nm0531930/index.html]
[www.imdb.com/name/nm1045816/index.html]
[www.imdb.com/name/nm0005490/index.html]
[www.imdb.com/name/nm0203836/index.html]
[www.imdb.com/name/nm0424012/index.html]
[www.imdb.com/name/nm0424060/index.html]
[www.imdb.com/name/nm0423984/index.html]
[www.imdb.com/name/nm0424089/index.html]
[www.imdb.com/name/nm0423956/index.html]
[www.imdb.com/name/nm1468214/index.html]
[www.imdb.com/name/nm1502276/index.html]
[www.imdb.com/name/nm0266824/index.html]
[www.imdb.com/name/nm0030100/index.html]
[www.imdb.com/name/nm0235624/index.html]
[www.imdb.com/name/nm0000098/index.html]
[www.imdb.com/name/nm0000124/index.html]
[www.imdb.com/name/nm1046097/index.html]
[www.imdb.com/name/nm1659547/index.html]
[www.imdb.com/name/nm0005109/index.html]
[www.imdb.com/name/nm1086543/index.html]
[www.imdb.com/name/nm7136185/index.html]
[www.imdb.com/name/nm0530223/index.html]
[www.imdb.com/name/nm0000182/index.html]
[www.imdb.com/name/nm0000117/index.html]
[www.imdb.com/name/nm0000103/index.html]
[www.imdb.com/name/nm0004695/index.html]
[www.imdb.com/name/nm0829522/index.html]
[www.imdb.com/name/nm0543032/index.html]
[www.imdb.com/name/nm0829576/index.html]
[www.imdb.com/name/nm1913734/index.html]
[www.imdb.com/name/nm0910278/index.html]
[www.imdb.com/name/nm0001463/index.html]
[www.imdb.com/name/nm0000130/index.html]
[www.imdb.com/list/ls058011111/index1304.html]
[www.imdb.com/list/ls058011111/index4b16.html]
[www.imdb.com/name/nm1297015/index.html]
[www.imdb.com/name/nm0000348/index.html]
