[www.imdb.com/list/ls058011111/index74f5.html]
[www.imdb.com/name/nm4335098/index.html]
[www.imdb.com/name/nm0002024/index.html]
[www.imdb.com/name/nm0000379/index.html]
[www.imdb.com/name/nm0001207/index.html]
[www.imdb.com/name/nm0391062/index.html]
[www.imdb.com/name/nm0172903/index.html]
[www.imdb.com/name/nm0545298/index.html]
[www.imdb.com/name/nm0000858/index.html]
[www.imdb.com/name/nm0001537/index.html]
[www.imdb.com/name/nm0232196/index.html]
[www.imdb.com/name/nm0510134/index.html]
[www.imdb.com/name/nm0612847/index.html]
[www.imdb.com/name/nm0001078/index.html]
[www.imdb.com/name/nm0572142/index.html]
[www.imdb.com/name/nm0000406/index.html]
[www.imdb.com/name/nm0001452/index.html]
[www.imdb.com/name/nm0000891/index.html]
[www.imdb.com/name/nm0000621/index.html]
[www.imdb.com/name/nm0751032/index.html]
[www.imdb.com/name/nm0000856/index.html]
[www.imdb.com/name/nm0000859/index.html]
[www.imdb.com/name/nm0062828/index.html]
[www.imdb.com/name/nm0718121/index.html]
[www.imdb.com/name/nm0000156/index.html]
[www.imdb.com/name/nm0177933/index.html]
[www.imdb.com/name/nm0012245/index.html]
[www.imdb.com/name/nm0000980/index.html]
[www.imdb.com/name/nm0000336/index.html]
[www.imdb.com/name/nm0000421/index.html]
[www.imdb.com/name/nm3165965/index.html]
[www.imdb.com/name/nm0328949/index.html]
[www.imdb.com/name/nm0001445/index.html]
[www.imdb.com/name/nm0249673/index.html]
[www.imdb.com/name/nm0741269/index.html]
[www.imdb.com/name/nm0001588/index.html]
[www.imdb.com/name/nm0002144/index.html]
[www.imdb.com/name/nm0000177/index.html]
[www.imdb.com/name/nm0000747/index.html]
[www.imdb.com/name/nm0000295/index.html]
[www.imdb.com/name/nm0517182/index.html]
[www.imdb.com/name/nm0065764/index.html]
[www.imdb.com/name/nm0221046/index.html]
[www.imdb.com/name/nm0221042/index.html]
[www.imdb.com/name/nm0221044/index.html]
[www.imdb.com/name/nm0931329/index.html]
[www.imdb.com/name/nm0000170/index.html]
[www.imdb.com/name/nm1411125/index.html]
[www.imdb.com/name/nm2196442/index.html]
[www.imdb.com/name/nm0001838/index.html]
[www.imdb.com/name/nm2784694/index.html]
[www.imdb.com/name/nm0068338/index.html]
[www.imdb.com/name/nm0001337/index.html]
[www.imdb.com/name/nm0000239/index.html]
[www.imdb.com/name/nm0119143/index.html]
[www.imdb.com/name/nm0012613/index.html]
[www.imdb.com/name/nm0878911/index.html]
[www.imdb.com/name/nm0750221/index.html]
[www.imdb.com/name/nm1567113/index.html]
[www.imdb.com/name/nm1083271/index.html]
[www.imdb.com/name/nm0656183/index.html]
[www.imdb.com/name/nm0924508/index.html]
[www.imdb.com/name/nm0244630/index.html]
[www.imdb.com/name/nm0000705/index.html]
[www.imdb.com/name/nm1015262/index.html]
[www.imdb.com/name/nm0205626/index.html]
[www.imdb.com/name/nm0000073/index.html]
[www.imdb.com/name/nm0000506/index.html]
[www.imdb.com/name/nm0355357/index.html]
[www.imdb.com/name/nm1880888/index.html]
[www.imdb.com/name/nm0004851/index.html]
[www.imdb.com/name/nm0000333/index.html]
[www.imdb.com/name/nm0001221/index.html]
[www.imdb.com/name/nm0001046/index.html]
[www.imdb.com/name/nm0628955/index.html]
[www.imdb.com/name/nm0623658/index.html]
[www.imdb.com/name/nm0000199/index.html]
[www.imdb.com/name/nm0001283/index.html]
[www.imdb.com/name/nm0000024/index.html]
[www.imdb.com/name/nm0000059/index.html]
[www.imdb.com/name/nm0000459/index.html]
[www.imdb.com/name/nm0001380/index.html]
[www.imdb.com/name/nm0001256/index.html]
[www.imdb.com/name/nm0002048/index.html]
[www.imdb.com/name/nm0000602/index.html]
[www.imdb.com/name/nm0523932/index.html]
[www.imdb.com/name/nm0001673/index.html]
[www.imdb.com/name/nm0730165/index.html]
[www.imdb.com/name/nm0122675/index.html]
[www.imdb.com/name/nm0000080/index.html]
[www.imdb.com/name/nm0424565/index.html]
[www.imdb.com/name/nm0000160/index.html]
[www.imdb.com/name/nm0400652/index.html]
[www.imdb.com/name/nm0000078/index.html]
[www.imdb.com/name/nm0000011/index.html]
[www.imdb.com/name/nm0000071/index.html]
[www.imdb.com/name/nm0590055/index.html]
[www.imdb.com/name/nm0949574/index.html]
[www.imdb.com/name/nm0016781/index.html]
[www.imdb.com/name/nm0016776/index.html]
[www.imdb.com/name/nm0001421/index.html]
[www.imdb.com/name/nm0000527/index.html]
[www.imdb.com/name/nm0000842/index.html]
[www.imdb.com/name/nm0001811/index.html]
[www.imdb.com/name/nm0003225/index.html]
[www.imdb.com/name/nm0001995/index.html]
[www.imdb.com/name/nm0341518/index.html]
[www.imdb.com/name/nm0412322/index.html]
[www.imdb.com/name/nm0000999/index.html]
[www.imdb.com/name/nm0000063/index.html]
[www.imdb.com/name/nm0639529/index.html]
[www.imdb.com/name/nm0000843/index.html]
[www.imdb.com/name/nm0001571/index.html]
[www.imdb.com/name/nm0797531/index.html]
[www.imdb.com/name/nm0000069/index.html]
[www.imdb.com/name/nm0680983/index.html]
[www.imdb.com/name/nm0878422/index.html]
[www.imdb.com/name/nm0536167/index.html]
[www.imdb.com/name/nm0949835/index.html]
[www.imdb.com/name/nm0534286/index.html]
[www.imdb.com/name/nm0267812/index.html]
[www.imdb.com/name/nm0429250/index.html]
[www.imdb.com/name/nm0000123/index.html]
[www.imdb.com/name/nm0237597/index.html]
[www.imdb.com/name/nm0310980/index.html]
[www.imdb.com/name/nm0371040/index.html]
[www.imdb.com/name/nm2143282/index.html]
[www.imdb.com/name/nm0502425/index.html]
[www.imdb.com/name/nm0818055/index.html]
[www.imdb.com/name/nm0594898/index.html]
[www.imdb.com/name/nm0559144/index.html]
[www.imdb.com/name/nm0842770/index.html]
[www.imdb.com/name/nm0000250/index.html]
[www.imdb.com/name/nm1617685/index.html]
[www.imdb.com/name/nm0001315/index.html]
[www.imdb.com/name/nm0001593/index.html]
[www.imdb.com/name/nm0866608/index.html]
[www.imdb.com/name/nm0000673/index.html]
[www.imdb.com/list/ls058011111/indexd98c.html]
[www.imdb.com/list/ls058011111/indexf653.html]
[www.imdb.com/name/nm0001689/index.html]
[www.imdb.com/name/nm0000416/index.html]
[www.imdb.com/name/nm0000313/index.html]
