[www.imdb.com/name/nm0000510/index.html]
[www.imdb.com/name/nm0000210/index.html]
[www.imdb.com/name/nm0000424/index.html]
[www.imdb.com/name/nm0000106/index.html]
[www.imdb.com/name/nm0280178/index.html]
[www.imdb.com/name/nm0001336/index.html]
[www.imdb.com/name/nm0187981/index.html]
[www.imdb.com/name/nm0593775/index.html]
[www.imdb.com/name/nm0771584/index.html]
[www.imdb.com/name/nm0852983/index.html]
[www.imdb.com/name/nm0000974/index.html]
[www.imdb.com/name/nm0000206/index.html]
[www.imdb.com/name/nm1475594/index.html]
[www.imdb.com/name/nm1696097/index.html]
[www.imdb.com/name/nm0413168/index.html]
[www.imdb.com/name/nm0425005/index.html]
[www.imdb.com/name/nm0426117/index.html]
[www.imdb.com/name/nm0537990/index.html]
[www.imdb.com/name/nm0340339/index.html]
[www.imdb.com/name/nm0705353/index.html]
[www.imdb.com/name/nm0001191/index.html]
[www.imdb.com/name/nm0705356/index.html]
[www.imdb.com/name/nm0898731/index.html]
[www.imdb.com/name/nm0331516/index.html]
[www.imdb.com/name/nm0185819/index.html]
[www.imdb.com/name/nm0004874/index.html]
[www.imdb.com/name/nm0318522/index.html]
[www.imdb.com/name/nm1517976/index.html]
[www.imdb.com/name/nm0000255/index.html]
[www.imdb.com/name/nm0683986/index.html]
[www.imdb.com/name/nm0318529/index.html]
[www.imdb.com/name/nm0683977/index.html]
[www.imdb.com/name/nm0350374/index.html]
[www.imdb.com/name/nm0001156/index.html]
[www.imdb.com/name/nm0001919/index.html]
[www.imdb.com/name/nm0000333/index.html]
[www.imdb.com/name/nm0703070/index.html]
[www.imdb.com/name/nm0001373/index.html]
[www.imdb.com/name/nm0000265/index.html]
[www.imdb.com/name/nm0822972/index.html]
[www.imdb.com/name/nm0833152/index.html]
[www.imdb.com/name/nm0005460/index.html]
[www.imdb.com/name/nm0714878/index.html]
[www.imdb.com/name/nm0000603/index.html]
[www.imdb.com/name/nm0000059/index.html]
[www.imdb.com/name/nm0335519/index.html]
[www.imdb.com/name/nm0373012/index.html]
[www.imdb.com/name/nm0002106/index.html]
[www.imdb.com/name/nm0663820/index.html]
[www.imdb.com/name/nm0001458/index.html]
[www.imdb.com/name/nm0006800/index.html]
[www.imdb.com/name/nm0656183/index.html]
[www.imdb.com/name/nm0350454/index.html]
[www.imdb.com/name/nm0001859/index.html]
[www.imdb.com/name/nm0284524/index.html]
[www.imdb.com/name/nm0350455/index.html]
[www.imdb.com/name/nm0005017/index.html]
[www.imdb.com/name/nm0350453/index.html]
[www.imdb.com/name/nm0241205/index.html]
[www.imdb.com/name/nm0001157/index.html]
[www.imdb.com/name/nm0384908/index.html]
[www.imdb.com/name/nm0880855/index.html]
[www.imdb.com/name/nm0789737/index.html]
[www.imdb.com/name/nm0001549/index.html]
[www.imdb.com/name/nm0540416/index.html]
[www.imdb.com/name/nm0886888/index.html]
[www.imdb.com/name/nm0285210/index.html]
[www.imdb.com/name/nm0001273/index.html]
[www.imdb.com/name/nm0001415/index.html]
[www.imdb.com/name/nm0001693/index.html]
[www.imdb.com/name/nm0002108/index.html]
[www.imdb.com/name/nm0000033/index.html]
[www.imdb.com/name/nm0562454/index.html]
[www.imdb.com/name/nm2420302/index.html]
[www.imdb.com/name/nm0001375/index.html]
[www.imdb.com/name/nm1940449/index.html]
[www.imdb.com/name/nm0719637/index.html]
[www.imdb.com/name/nm0136797/index.html]
[www.imdb.com/name/nm0000130/index.html]
[www.imdb.com/name/nm0262635/index.html]
[www.imdb.com/name/nm4576629/index.html]
[www.imdb.com/name/nm4136056/index.html]
[www.imdb.com/name/nm0302108/index.html]
[www.imdb.com/name/nm0290556/index.html]
[www.imdb.com/name/nm3678552/index.html]
[www.imdb.com/name/nm0002071/index.html]
[www.imdb.com/name/nm0479471/index.html]
[www.imdb.com/name/nm0736622/index.html]
[www.imdb.com/name/nm0330687/index.html]
[www.imdb.com/name/nm0506209/index.html]
[www.imdb.com/name/nm0005351/index.html]
[www.imdb.com/name/nm0748620/index.html]
[www.imdb.com/name/nm0781981/index.html]
[www.imdb.com/name/nm0005458/index.html]
[www.imdb.com/name/nm0886733/index.html]
[www.imdb.com/name/nm0001813/index.html]
[www.imdb.com/name/nm0005493/index.html]
[www.imdb.com/name/nm1374980/index.html]
[www.imdb.com/name/nm0932992/index.html]
[www.imdb.com/name/nm0251986/index.html]
[www.imdb.com/name/nm0005562/index.html]
[www.imdb.com/name/nm0005561/index.html]
[www.imdb.com/name/nm0060809/index.html]
[www.imdb.com/name/nm0000867/index.html]
[www.imdb.com/name/nm1347153/index.html]
[www.imdb.com/name/nm2955013/index.html]
[www.imdb.com/name/nm1165110/index.html]
[www.imdb.com/name/nm1292661/index.html]
[www.imdb.com/name/nm0451321/index.html]
[www.imdb.com/name/nm0000301/index.html]
[www.imdb.com/name/nm0083262/index.html]
[www.imdb.com/name/nm0175485/index.html]
[www.imdb.com/name/nm0000638/index.html]
[www.imdb.com/name/nm0083247/index.html]
[www.imdb.com/name/nm0872456/index.html]
[www.imdb.com/name/nm0942394/index.html]
[www.imdb.com/name/nm0002141/index.html]
[www.imdb.com/name/nm0000879/index.html]
[www.imdb.com/name/nm1760529/index.html]
[www.imdb.com/name/nm0000856/index.html]
[www.imdb.com/name/nm0001451/index.html]
[www.imdb.com/name/nm0206257/index.html]
[www.imdb.com/name/nm0942863/index.html]
[www.imdb.com/name/nm0326418/index.html]
[www.imdb.com/name/nm0000802/index.html]
[www.imdb.com/name/nm0002034/index.html]
[www.imdb.com/name/nm3302336/index.html]
[www.imdb.com/name/nm2539953/index.html]
[www.imdb.com/name/nm1985859/index.html]
[www.imdb.com/name/nm1113550/index.html]
[www.imdb.com/name/nm0814216/index.html]
[www.imdb.com/name/nm0080868/index.html]
[www.imdb.com/name/nm0565250/index.html]
[www.imdb.com/name/nm0275486/index.html]
[www.imdb.com/name/nm0757855/index.html]
[www.imdb.com/name/nm0005253/index.html]
[www.imdb.com/name/nm1597316/index.html]
[www.imdb.com/name/nm0820053/index.html]
[www.imdb.com/name/nm0004950/index.html]
[www.imdb.com/name/nm1325419/index.html]
[www.imdb.com/name/nm1020089/index.html]
[www.imdb.com/list/ls058011111/index4b16.html]
[www.imdb.com/list/ls058011111/indexc259.html]
[www.imdb.com/name/nm0192505/index.html]
[www.imdb.com/name/nm0000661/index.html]
[www.imdb.com/name/nm0001513/index.html]
