[www.imdb.com/list/ls058011111/index9abd.html]
[www.imdb.com/name/nm1521004/index.html]
[www.imdb.com/name/nm1242688/index.html]
[www.imdb.com/name/nm0915208/index.html]
[www.imdb.com/name/nm0969139/index.html]
[www.imdb.com/name/nm3322397/index.html]
[www.imdb.com/name/nm1947985/index.html]
[www.imdb.com/name/nm0402271/index.html]
[www.imdb.com/name/nm0396558/index.html]
[www.imdb.com/name/nm0623554/index.html]
[www.imdb.com/name/nm1153204/index.html]
[www.imdb.com/name/nm1093951/index.html]
[www.imdb.com/name/nm0124930/index.html]
[www.imdb.com/name/nm0186505/index.html]
[www.imdb.com/name/nm0881631/index.html]
[www.imdb.com/name/nm0908094/index.html]
[www.imdb.com/name/nm0503567/index.html]
[www.imdb.com/name/nm2703058/index.html]
[www.imdb.com/name/nm2002649/index.html]
[www.imdb.com/name/nm1089991/index.html]
[www.imdb.com/name/nm1641117/index.html]
[www.imdb.com/name/nm2018237/index.html]
[www.imdb.com/name/nm0227759/index.html]
[www.imdb.com/name/nm0678820/index.html]
[www.imdb.com/name/nm0001602/index.html]
[www.imdb.com/name/nm0749263/index.html]
[www.imdb.com/name/nm0000620/index.html]
[www.imdb.com/name/nm0001449/index.html]
[www.imdb.com/name/nm0330854/index.html]
[www.imdb.com/name/nm1519666/index.html]
[www.imdb.com/name/nm0000657/index.html]
[www.imdb.com/name/nm0005024/index.html]
[www.imdb.com/name/nm0313182/index.html]
[www.imdb.com/name/nm0929489/index.html]
[www.imdb.com/name/nm0000332/index.html]
[www.imdb.com/name/nm0002070/index.html]
[www.imdb.com/name/nm0000560/index.html]
[www.imdb.com/name/nm2086196/index.html]
[www.imdb.com/name/nm1455681/index.html]
[www.imdb.com/name/nm2605345/index.html]
[www.imdb.com/name/nm1312575/index.html]
[www.imdb.com/name/nm0168298/index.html]
[www.imdb.com/name/nm0168285/index.html]
[www.imdb.com/name/nm0279545/index.html]
[www.imdb.com/name/nm0940362/index.html]
[www.imdb.com/name/nm2313103/index.html]
[www.imdb.com/name/nm0731075/index.html]
[www.imdb.com/name/nm0000616/index.html]
[www.imdb.com/name/nm1720028/index.html]
[www.imdb.com/name/nm1954240/index.html]
[www.imdb.com/name/nm0000234/index.html]
[www.imdb.com/name/nm3112801/index.html]
[www.imdb.com/name/nm1519680/index.html]
[www.imdb.com/name/nm0739902/index.html]
[www.imdb.com/name/nm0006969/index.html]
[www.imdb.com/name/nm1754059/index.html]
[www.imdb.com/name/nm0068338/index.html]
[www.imdb.com/name/nm0811242/index.html]
[www.imdb.com/name/nm0544718/index.html]
[www.imdb.com/name/nm2934314/index.html]
[www.imdb.com/name/nm2584600/index.html]
[www.imdb.com/name/nm3073208/index.html]
[www.imdb.com/name/nm0002015/index.html]
[www.imdb.com/name/nm1404408/index.html]
[www.imdb.com/name/nm1130627/index.html]
[www.imdb.com/name/nm0263368/index.html]
[www.imdb.com/name/nm0560864/index.html]
[www.imdb.com/name/nm1512166/index.html]
[www.imdb.com/name/nm0636426/index.html]
[www.imdb.com/name/nm2368097/index.html]
[www.imdb.com/name/nm0515116/index.html]
[www.imdb.com/name/nm0515122/index.html]
[www.imdb.com/name/nm0515123/index.html]
[www.imdb.com/name/nm0113536/index.html]
[www.imdb.com/name/nm1192254/index.html]
[www.imdb.com/name/nm0338398/index.html]
[www.imdb.com/name/nm0004754/index.html]
[www.imdb.com/name/nm1200692/index.html]
[www.imdb.com/name/nm0423381/index.html]
[www.imdb.com/name/nm0001228/index.html]
[www.imdb.com/name/nm0000020/index.html]
[www.imdb.com/name/nm0000404/index.html]
[www.imdb.com/name/nm0000403/index.html]
[www.imdb.com/name/nm4211781/index.html]
[www.imdb.com/name/nm0000437/index.html]
[www.imdb.com/name/nm0000671/index.html]
[www.imdb.com/name/nm0252961/index.html]
[www.imdb.com/name/nm0001329/index.html]
[www.imdb.com/name/nm0003141/index.html]
[www.imdb.com/name/nm0001653/index.html]
[www.imdb.com/name/nm0000401/index.html]
[www.imdb.com/name/nm0000321/index.html]
[www.imdb.com/name/nm0000538/index.html]
[www.imdb.com/name/nm0000886/index.html]
[www.imdb.com/name/nm0223033/index.html]
[www.imdb.com/name/nm0000367/index.html]
[www.imdb.com/name/nm0591877/index.html]
[www.imdb.com/name/nm0104309/index.html]
[www.imdb.com/name/nm0001321/index.html]
[www.imdb.com/name/nm0000110/index.html]
[www.imdb.com/name/nm0001579/index.html]
[www.imdb.com/name/nm0001884/index.html]
[www.imdb.com/name/nm0000052/index.html]
[www.imdb.com/name/nm0001364/index.html]
[www.imdb.com/name/nm0000249/index.html]
[www.imdb.com/name/nm0370035/index.html]
[www.imdb.com/name/nm0001258/index.html]
[www.imdb.com/name/nm0001832/index.html]
[www.imdb.com/name/nm0001371/index.html]
[www.imdb.com/name/nm0001215/index.html]
[www.imdb.com/name/nm0724798/index.html]
[www.imdb.com/name/nm0002018/index.html]
[www.imdb.com/name/nm0000636/index.html]
[www.imdb.com/name/nm0183822/index.html]
[www.imdb.com/name/nm0000869/index.html]
[www.imdb.com/name/nm0001545/index.html]
[www.imdb.com/name/nm0993507/index.html]
[www.imdb.com/name/nm4832920/index.html]
[www.imdb.com/name/nm0000457/index.html]
[www.imdb.com/name/nm0728938/index.html]
[www.imdb.com/name/nm5668279/index.html]
[www.imdb.com/name/nm1950086/index.html]
[www.imdb.com/name/nm5668379/index.html]
[www.imdb.com/name/nm1140300/index.html]
[www.imdb.com/name/nm0488953/index.html]
[www.imdb.com/name/nm0000005/index.html]
[www.imdb.com/name/nm0880521/index.html]
[www.imdb.com/name/nm0266029/index.html]
[www.imdb.com/name/nm0361697/index.html]
[www.imdb.com/name/nm0751426/index.html]
[www.imdb.com/name/nm0000400/index.html]
[www.imdb.com/name/nm1792542/index.html]
[www.imdb.com/name/nm2829737/index.html]
[www.imdb.com/name/nm0671862/index.html]
[www.imdb.com/name/nm0000366/index.html]
[www.imdb.com/name/nm0001201/index.html]
[www.imdb.com/name/nm0268513/index.html]
[www.imdb.com/name/nm0001577/index.html]
[www.imdb.com/name/nm0851582/index.html]
[www.imdb.com/name/nm0001501/index.html]
[www.imdb.com/name/nm0603402/index.html]
[www.imdb.com/name/nm0210503/index.html]
[www.imdb.com/name/nm0001376/index.html]
[www.imdb.com/name/nm0001687/index.html]
[www.imdb.com/name/nm0544334/index.html]
[www.imdb.com/name/nm0647634/index.html]
[www.imdb.com/name/nm0000176/index.html]
[www.imdb.com/name/nm0491259/index.html]
[www.imdb.com/name/nm0396810/index.html]
[www.imdb.com/name/nm0001365/index.html]
[www.imdb.com/list/ls058011111/indexf653.html]
[www.imdb.com/name/nm0005536/index.html]
[www.imdb.com/list/ls058011111/index53fc.html]
[www.imdb.com/name/nm0291349/index.html]
[www.imdb.com/name/nm0005031/index.html]
