[www.imdb.com/list/ls058011111/index8fb2.html]
[www.imdb.com/name/nm1886602/index.html]
[www.imdb.com/name/nm1209966/index.html]
[www.imdb.com/name/nm1417647/index.html]
[www.imdb.com/name/nm0001767/index.html]
[www.imdb.com/name/nm0117710/index.html]
[www.imdb.com/name/nm0117709/index.html]
[www.imdb.com/name/nm0001254/index.html]
[www.imdb.com/name/nm0001448/index.html]
[www.imdb.com/name/nm0674019/index.html]
[www.imdb.com/name/nm0430107/index.html]
[www.imdb.com/name/nm0000578/index.html]
[www.imdb.com/name/nm0000285/index.html]
[www.imdb.com/name/nm0000667/index.html]
[www.imdb.com/name/nm0001428/index.html]
[www.imdb.com/name/nm0935653/index.html]
[www.imdb.com/name/nm0000532/index.html]
[www.imdb.com/name/nm0000901/index.html]
[www.imdb.com/name/nm0000419/index.html]
[www.imdb.com/name/nm0785227/index.html]
[www.imdb.com/name/nm0000111/index.html]
[www.imdb.com/name/nm0110832/index.html]
[www.imdb.com/name/nm0110814/index.html]
[www.imdb.com/name/nm0740264/index.html]
[www.imdb.com/name/nm0001252/index.html]
[www.imdb.com/name/nm0000454/index.html]
[www.imdb.com/name/nm0060016/index.html]
[www.imdb.com/name/nm0001536/index.html]
[www.imdb.com/name/nm0001993/index.html]
[www.imdb.com/name/nm0144045/index.html]
[www.imdb.com/name/nm0799777/index.html]
[www.imdb.com/name/nm0151606/index.html]
[www.imdb.com/name/nm0000472/index.html]
[www.imdb.com/name/nm0000509/index.html]
[www.imdb.com/name/nm0791217/index.html]
[www.imdb.com/name/nm0001637/index.html]
[www.imdb.com/name/nm0000048/index.html]
[www.imdb.com/name/nm0175916/index.html]
[www.imdb.com/name/nm0000104/index.html]
[www.imdb.com/name/nm0276349/index.html]
[www.imdb.com/name/nm0000202/index.html]
[www.imdb.com/name/nm0005251/index.html]
[www.imdb.com/name/nm0001463/index.html]
[www.imdb.com/name/nm0913488/index.html]
[www.imdb.com/name/nm1503432/index.html]
[www.imdb.com/name/nm1095720/index.html]
[www.imdb.com/name/nm0608090/index.html]
[www.imdb.com/name/nm0000161/index.html]
[www.imdb.com/name/nm0000260/index.html]
[www.imdb.com/name/nm0005216/index.html]
[www.imdb.com/name/nm0005244/index.html]
[www.imdb.com/name/nm0000218/index.html]
[www.imdb.com/name/nm0000950/index.html]
[www.imdb.com/name/nm0000223/index.html]
[www.imdb.com/name/nm0001669/index.html]
[www.imdb.com/name/nm0000330/index.html]
[www.imdb.com/name/nm0000291/index.html]
[www.imdb.com/name/nm0001521/index.html]
[www.imdb.com/name/nm0000368/index.html]
[www.imdb.com/name/nm0001136/index.html]
[www.imdb.com/name/nm0002663/index.html]
[www.imdb.com/name/nm0172604/index.html]
[www.imdb.com/name/nm0000254/index.html]
[www.imdb.com/name/nm0341582/index.html]
[www.imdb.com/name/nm0000429/index.html]
[www.imdb.com/name/nm0001335/index.html]
[www.imdb.com/name/nm0000033/index.html]
[www.imdb.com/name/nm0556850/index.html]
[www.imdb.com/name/nm0000737/index.html]
[www.imdb.com/name/nm0000476/index.html]
[www.imdb.com/name/nm0800319/index.html]
[www.imdb.com/name/nm2378637/index.html]
[www.imdb.com/name/nm0383603/index.html]
[www.imdb.com/name/nm0000150/index.html]
[www.imdb.com/name/nm0289093/index.html]
[www.imdb.com/name/nm0614151/index.html]
[www.imdb.com/name/nm0528487/index.html]
[www.imdb.com/name/nm0000552/index.html]
[www.imdb.com/name/nm0000334/index.html]
[www.imdb.com/name/nm0000247/index.html]
[www.imdb.com/name/nm1484134/index.html]
[www.imdb.com/name/nm0000045/index.html]
[www.imdb.com/name/nm0532235/index.html]
[www.imdb.com/name/nm0001472/index.html]
[www.imdb.com/name/nm0001569/index.html]
[www.imdb.com/name/nm0000241/index.html]
[www.imdb.com/name/nm2519091/index.html]
[www.imdb.com/name/nm0005377/index.html]
[www.imdb.com/name/nm0793766/index.html]
[www.imdb.com/name/nm0000041/index.html]
[www.imdb.com/name/nm0001290/index.html]
[www.imdb.com/name/nm0000558/index.html]
[www.imdb.com/name/nm0670408/index.html]
[www.imdb.com/name/nm0000518/index.html]
[www.imdb.com/name/nm0788335/index.html]
[www.imdb.com/name/nm0000641/index.html]
[www.imdb.com/name/nm0001302/index.html]
[www.imdb.com/name/nm0000640/index.html]
[www.imdb.com/name/nm0000614/index.html]
[www.imdb.com/name/nm0355097/index.html]
[www.imdb.com/name/nm0001050/index.html]
[www.imdb.com/name/nm0828419/index.html]
[www.imdb.com/name/nm0229424/index.html]
[www.imdb.com/name/nm0003593/index.html]
[www.imdb.com/name/nm0006452/index.html]
[www.imdb.com/name/nm0244151/index.html]
[www.imdb.com/name/nm0000652/index.html]
[www.imdb.com/name/nm0051509/index.html]
[www.imdb.com/name/nm0001727/index.html]
[www.imdb.com/name/nm0067368/index.html]
[www.imdb.com/name/nm0067367/index.html]
[www.imdb.com/name/nm0915865/index.html]
[www.imdb.com/name/nm0231315/index.html]
[www.imdb.com/name/nm2794962/index.html]
[www.imdb.com/name/nm0826039/index.html]
[www.imdb.com/name/nm0000492/index.html]
[www.imdb.com/name/nm0877399/index.html]
[www.imdb.com/name/nm2315283/index.html]
[www.imdb.com/name/nm0607558/index.html]
[www.imdb.com/name/nm0046134/index.html]
[www.imdb.com/name/nm0000599/index.html]
[www.imdb.com/name/nm0378245/index.html]
[www.imdb.com/name/nm0752407/index.html]
[www.imdb.com/name/nm0000184/index.html]
[www.imdb.com/name/nm0002039/index.html]
[www.imdb.com/name/nm0001049/index.html]
[www.imdb.com/name/nm0056770/index.html]
[www.imdb.com/name/nm0452860/index.html]
[www.imdb.com/name/nm0001416/index.html]
[www.imdb.com/name/nm0645683/index.html]
[www.imdb.com/name/nm0165101/index.html]
[www.imdb.com/name/nm0001648/index.html]
[www.imdb.com/name/nm0013037/index.html]
[www.imdb.com/name/nm0452102/index.html]
[www.imdb.com/name/nm1628504/index.html]
[www.imdb.com/name/nm0517820/index.html]
[www.imdb.com/name/nm2411173/index.html]
[www.imdb.com/name/nm0005502/index.html]
[www.imdb.com/name/nm0001721/index.html]
[www.imdb.com/name/nm0001655/index.html]
[www.imdb.com/name/nm0447499/index.html]
[www.imdb.com/name/nm0714878/index.html]
[www.imdb.com/name/nm0000603/index.html]
[www.imdb.com/name/nm0714874/index.html]
[www.imdb.com/name/nm0714879/index.html]
[www.imdb.com/name/nm0780216/index.html]
[www.imdb.com/name/nm0341737/index.html]
[www.imdb.com/name/nm3053338/index.html]
[www.imdb.com/name/nm0000666/index.html]
[www.imdb.com/list/ls058011111/indexc259.html]
[www.imdb.com/list/ls058011111/indexff76.html]
[www.imdb.com/name/nm0917848/index.html]
