[www.imdb.com/list/ls058011111/index4f1a.html]
[www.imdb.com/name/nm0540441/index.html]
[www.imdb.com/name/nm0296545/index.html]
[www.imdb.com/name/nm0000152/index.html]
[www.imdb.com/name/nm0000149/index.html]
[www.imdb.com/name/nm0000501/index.html]
[www.imdb.com/name/nm0670408/index.html]
[www.imdb.com/name/nm0358316/index.html]
[www.imdb.com/name/nm0001674/index.html]
[www.imdb.com/name/nm0000221/index.html]
[www.imdb.com/name/nm0790682/index.html]
[www.imdb.com/name/nm0000439/index.html]
[www.imdb.com/name/nm0000640/index.html]
[www.imdb.com/name/nm0753314/index.html]
[www.imdb.com/name/nm0503627/index.html]
[www.imdb.com/name/nm0000412/index.html]
[www.imdb.com/name/nm0001295/index.html]
[www.imdb.com/name/nm0001117/index.html]
[www.imdb.com/name/nm0001173/index.html]
[www.imdb.com/name/nm0450116/index.html]
[www.imdb.com/name/nm0000101/index.html]
[www.imdb.com/name/nm0874047/index.html]
[www.imdb.com/name/nm0000732/index.html]
[www.imdb.com/name/nm0000203/index.html]
[www.imdb.com/name/nm0001777/index.html]
[www.imdb.com/name/nm0000345/index.html]
[www.imdb.com/name/nm0089217/index.html]
[www.imdb.com/name/nm0000422/index.html]
[www.imdb.com/name/nm0002907/index.html]
[www.imdb.com/name/nm0001256/index.html]
[www.imdb.com/name/nm0000005/index.html]
[www.imdb.com/name/nm0001884/index.html]
[www.imdb.com/name/nm0000006/index.html]
[www.imdb.com/name/nm0000196/index.html]
[www.imdb.com/name/nm0879085/index.html]
[www.imdb.com/name/nm0000704/index.html]
[www.imdb.com/name/nm0001392/index.html]
[www.imdb.com/name/nm0000362/index.html]
[www.imdb.com/name/nm0005154/index.html]
[www.imdb.com/name/nm0005381/index.html]
[www.imdb.com/name/nm0735442/index.html]
[www.imdb.com/name/nm0001264/index.html]
[www.imdb.com/name/nm1658977/index.html]
[www.imdb.com/name/nm1560213/index.html]
[www.imdb.com/name/nm0461498/index.html]
[www.imdb.com/name/nm1659482/index.html]
[www.imdb.com/name/nm1090271/index.html]
[www.imdb.com/name/nm0356017/index.html]
[www.imdb.com/name/nm0355991/index.html]
[www.imdb.com/name/nm0263987/index.html]
[www.imdb.com/name/nm0005305/index.html]
[www.imdb.com/name/nm0001073/index.html]
[www.imdb.com/name/nm1745736/index.html]
[www.imdb.com/name/nm0000205/index.html]
[www.imdb.com/name/nm1157358/index.html]
[www.imdb.com/name/nm0005123/index.html]
[www.imdb.com/name/nm0098378/index.html]
[www.imdb.com/name/nm0000132/index.html]
[www.imdb.com/name/nm0939697/index.html]
[www.imdb.com/name/nm0202796/index.html]
[www.imdb.com/name/nm0601856/index.html]
[www.imdb.com/name/nm0939630/index.html]
[www.imdb.com/name/nm0939505/index.html]
[www.imdb.com/name/nm1706166/index.html]
[www.imdb.com/name/nm0000227/index.html]
[www.imdb.com/name/nm0000649/index.html]
[www.imdb.com/name/nm0955471/index.html]
[www.imdb.com/name/nm1468739/index.html]
[www.imdb.com/name/nm0004789/index.html]
[www.imdb.com/name/nm0000117/index.html]
[www.imdb.com/name/nm0001435/index.html]
[www.imdb.com/name/nm1614806/index.html]
[www.imdb.com/name/nm0001122/index.html]
[www.imdb.com/name/nm0214699/index.html]
[www.imdb.com/name/nm0005527/index.html]
[www.imdb.com/name/nm0601553/index.html]
[www.imdb.com/name/nm0000515/index.html]
[www.imdb.com/name/nm0000514/index.html]
[www.imdb.com/name/nm0005188/index.html]
[www.imdb.com/name/nm0000610/index.html]
[www.imdb.com/name/nm0000741/index.html]
[www.imdb.com/name/nm0723002/index.html]
[www.imdb.com/name/nm0369212/index.html]
[www.imdb.com/name/nm0000442/index.html]
[www.imdb.com/name/nm0891259/index.html]
[www.imdb.com/name/nm0000681/index.html]
[www.imdb.com/name/nm2276931/index.html]
[www.imdb.com/name/nm0000598/index.html]
[www.imdb.com/name/nm0004051/index.html]
[www.imdb.com/name/nm0000491/index.html]
[www.imdb.com/name/nm0000474/index.html]
[www.imdb.com/name/nm0121605/index.html]
[www.imdb.com/name/nm0000318/index.html]
[www.imdb.com/name/nm0322407/index.html]
[www.imdb.com/name/nm0065716/index.html]
[www.imdb.com/name/nm0163988/index.html]
[www.imdb.com/name/nm0000596/index.html]
[www.imdb.com/name/nm0001497/index.html]
[www.imdb.com/name/nm0790688/index.html]
[www.imdb.com/name/nm3334097/index.html]
[www.imdb.com/name/nm0519043/index.html]
[www.imdb.com/name/nm1553725/index.html]
[www.imdb.com/name/nm0003665/index.html]
[www.imdb.com/name/nm0085312/index.html]
[www.imdb.com/name/nm0000293/index.html]
[www.imdb.com/name/nm0000112/index.html]
[www.imdb.com/name/nm1210124/index.html]
[www.imdb.com/name/nm0241049/index.html]
[www.imdb.com/name/nm0147825/index.html]
[www.imdb.com/name/nm0269463/index.html]
[www.imdb.com/name/nm2951768/index.html]
[www.imdb.com/name/nm1333759/index.html]
[www.imdb.com/name/nm0000418/index.html]
[www.imdb.com/name/nm0240381/index.html]
[www.imdb.com/name/nm0240380/index.html]
[www.imdb.com/name/nm0935541/index.html]
[www.imdb.com/name/nm0177639/index.html]
[www.imdb.com/name/nm2057859/index.html]
[www.imdb.com/name/nm0727672/index.html]
[www.imdb.com/name/nm0000208/index.html]
[www.imdb.com/name/nm0005064/index.html]
[www.imdb.com/name/nm0748973/index.html]
[www.imdb.com/name/nm0748938/index.html]
[www.imdb.com/name/nm0727986/index.html]
[www.imdb.com/name/nm0000521/index.html]
[www.imdb.com/name/nm0684509/index.html]
[www.imdb.com/name/nm1385871/index.html]
[www.imdb.com/name/nm0185819/index.html]
[www.imdb.com/name/nm0004376/index.html]
[www.imdb.com/name/nm0429069/index.html]
[www.imdb.com/name/nm0005152/index.html]
[www.imdb.com/name/nm0428588/index.html]
[www.imdb.com/name/nm0005065/index.html]
[www.imdb.com/name/nm0000224/index.html]
[www.imdb.com/name/nm0799073/index.html]
[www.imdb.com/name/nm2492819/index.html]
[www.imdb.com/name/nm0321094/index.html]
[www.imdb.com/name/nm0001273/index.html]
[www.imdb.com/name/nm1431940/index.html]
[www.imdb.com/name/nm0257969/index.html]
[www.imdb.com/name/nm0001349/index.html]
[www.imdb.com/name/nm0002536/index.html]
[www.imdb.com/name/nm1428821/index.html]
[www.imdb.com/name/nm0329481/index.html]
[www.imdb.com/name/nm0852132/index.html]
[www.imdb.com/name/nm1800069/index.html]
[www.imdb.com/name/nm1227814/index.html]
[www.imdb.com/name/nm0180411/index.html]
[www.imdb.com/list/ls058011111/indexb847.html]
[www.imdb.com/list/ls058011111/indexff76.html]
[www.imdb.com/name/nm0001745/index.html]
