[www.imdb.com/list/ls058011111/indexf172.html]
[www.imdb.com/name/nm0000706/index.html]
[www.imdb.com/name/nm0000144/index.html]
[www.imdb.com/name/nm0000453/index.html]
[www.imdb.com/name/nm0001447/index.html]
[www.imdb.com/name/nm1158871/index.html]
[www.imdb.com/name/nm0255891/index.html]
[www.imdb.com/name/nm0001454/index.html]
[www.imdb.com/name/nm0176869/index.html]
[www.imdb.com/name/nm0942482/index.html]
[www.imdb.com/name/nm0056187/index.html]
[www.imdb.com/name/nm0000329/index.html]
[www.imdb.com/name/nm0941777/index.html]
[www.imdb.com/name/nm0014883/index.html]
[www.imdb.com/name/nm0202603/index.html]
[www.imdb.com/name/nm0202638/index.html]
[www.imdb.com/name/nm0058581/index.html]
[www.imdb.com/name/nm0000547/index.html]
[www.imdb.com/name/nm0000092/index.html]
[www.imdb.com/name/nm0000409/index.html]
[www.imdb.com/name/nm0000434/index.html]
[www.imdb.com/name/nm0001084/index.html]
[www.imdb.com/name/nm0000630/index.html]
[www.imdb.com/name/nm0775277/index.html]
[www.imdb.com/name/nm1159180/index.html]
[www.imdb.com/name/nm0000174/index.html]
[www.imdb.com/name/nm1258970/index.html]
[www.imdb.com/name/nm0005266/index.html]
[www.imdb.com/name/nm0005170/index.html]
[www.imdb.com/name/nm0001772/index.html]
[www.imdb.com/name/nm0005110/index.html]
[www.imdb.com/name/nm0001293/index.html]
[www.imdb.com/name/nm0001642/index.html]
[www.imdb.com/name/nm0000648/index.html]
[www.imdb.com/name/nm0654648/index.html]
[www.imdb.com/name/nm0524839/index.html]
[www.imdb.com/name/nm0835016/index.html]
[www.imdb.com/name/nm0001705/index.html]
[www.imdb.com/name/nm0059431/index.html]
[www.imdb.com/name/nm0159789/index.html]
[www.imdb.com/name/nm0829032/index.html]
[www.imdb.com/name/nm0001338/index.html]
[www.imdb.com/name/nm0079273/index.html]
[www.imdb.com/name/nm0000676/index.html]
[www.imdb.com/name/nm0491402/index.html]
[www.imdb.com/name/nm0841910/index.html]
[www.imdb.com/name/nm0524197/index.html]
[www.imdb.com/name/nm0000563/index.html]
[www.imdb.com/name/nm0000973/index.html]
[www.imdb.com/name/nm0000650/index.html]
[www.imdb.com/name/nm0996669/index.html]
[www.imdb.com/name/nm0424216/index.html]
[www.imdb.com/name/nm0005541/index.html]
[www.imdb.com/name/nm2541974/index.html]
[www.imdb.com/name/nm0191408/index.html]
[www.imdb.com/name/nm0000983/index.html]
[www.imdb.com/name/nm0000346/index.html]
[www.imdb.com/name/nm2246727/index.html]
[www.imdb.com/name/nm0191413/index.html]
[www.imdb.com/name/nm0001684/index.html]
[www.imdb.com/name/nm0000385/index.html]
[www.imdb.com/name/nm0001029/index.html]
[www.imdb.com/name/nm0006890/index.html]
[www.imdb.com/name/nm0715906/index.html]
[www.imdb.com/name/nm0364813/index.html]
[www.imdb.com/name/nm0001321/index.html]
[www.imdb.com/name/nm0364578/index.html]
[www.imdb.com/name/nm0364807/index.html]
[www.imdb.com/name/nm0555617/index.html]
[www.imdb.com/name/nm0837177/index.html]
[www.imdb.com/name/nm0001326/index.html]
[www.imdb.com/name/nm0933940/index.html]
[www.imdb.com/name/nm0614165/index.html]
[www.imdb.com/name/nm0001082/index.html]
[www.imdb.com/name/nm2395586/index.html]
[www.imdb.com/name/nm1107001/index.html]
[www.imdb.com/name/nm0648249/index.html]
[www.imdb.com/name/nm1265802/index.html]
[www.imdb.com/name/nm0005561/index.html]
[www.imdb.com/name/nm0932992/index.html]
[www.imdb.com/name/nm0005562/index.html]
[www.imdb.com/name/nm0765597/index.html]
[www.imdb.com/name/nm0406975/index.html]
[www.imdb.com/name/nm0333410/index.html]
[www.imdb.com/name/nm0366389/index.html]
[www.imdb.com/name/nm0200452/index.html]
[www.imdb.com/name/nm0005107/index.html]
[www.imdb.com/name/nm0737967/index.html]
[www.imdb.com/name/nm2099543/index.html]
[www.imdb.com/name/nm0352778/index.html]
[www.imdb.com/name/nm0005165/index.html]
[www.imdb.com/name/nm0000507/index.html]
[www.imdb.com/name/nm0005450/index.html]
[www.imdb.com/name/nm1443527/index.html]
[www.imdb.com/name/nm0420955/index.html]
[www.imdb.com/name/nm0000448/index.html]
[www.imdb.com/name/nm1036181/index.html]
[www.imdb.com/name/nm1404519/index.html]
[www.imdb.com/name/nm1013003/index.html]
[www.imdb.com/name/nm0697905/index.html]
[www.imdb.com/name/nm0005327/index.html]
[www.imdb.com/name/nm0068260/index.html]
[www.imdb.com/name/nm1144419/index.html]
[www.imdb.com/name/nm0001667/index.html]
[www.imdb.com/name/nm0148418/index.html]
[www.imdb.com/name/nm0668123/index.html]
[www.imdb.com/name/nm0000200/index.html]
[www.imdb.com/name/nm0005098/index.html]
[www.imdb.com/name/nm0000339/index.html]
[www.imdb.com/name/nm0344435/index.html]
[www.imdb.com/name/nm0511088/index.html]
[www.imdb.com/name/nm0000597/index.html]
[www.imdb.com/name/nm0732497/index.html]
[www.imdb.com/name/nm0206359/index.html]
[www.imdb.com/name/nm1676221/index.html]
[www.imdb.com/name/nm1672246/index.html]
[www.imdb.com/name/nm1676223/index.html]
[www.imdb.com/name/nm1330560/index.html]
[www.imdb.com/name/nm1544217/index.html]
[www.imdb.com/name/nm1024677/index.html]
[www.imdb.com/name/nm0416673/index.html]
[www.imdb.com/name/nm0005227/index.html]
[www.imdb.com/name/nm0588679/index.html]
[www.imdb.com/name/nm0000106/index.html]
[www.imdb.com/name/nm0930151/index.html]
[www.imdb.com/name/nm0001659/index.html]
[www.imdb.com/name/nm2298598/index.html]
[www.imdb.com/name/nm1351634/index.html]
[www.imdb.com/list/ls058011111/indexb4fc.html]
[www.imdb.com/list/ls058011111/indexa828.html]
[www.imdb.com/name/nm0001722/index.html]
[www.imdb.com/name/nm0001806/index.html]
[www.imdb.com/name/nm0000885/index.html]
