[www.imdb.com/list/ls058011111/index2c14.html]
[www.imdb.com/name/nm0001647/index.html]
[www.imdb.com/name/nm0000114/index.html]
[www.imdb.com/name/nm0722636/index.html]
[www.imdb.com/name/nm0004462/index.html]
[www.imdb.com/name/nm0671862/index.html]
[www.imdb.com/name/nm0000003/index.html]
[www.imdb.com/name/nm0001608/index.html]
[www.imdb.com/name/nm0001072/index.html]
[www.imdb.com/name/nm0002233/index.html]
[www.imdb.com/name/nm0004936/index.html]
[www.imdb.com/name/nm0287898/index.html]
[www.imdb.com/name/nm0000502/index.html]
[www.imdb.com/name/nm0566948/index.html]
[www.imdb.com/name/nm0158856/index.html]
[www.imdb.com/name/nm0000191/index.html]
[www.imdb.com/name/nm0305558/index.html]
[www.imdb.com/name/nm0493200/index.html]
[www.imdb.com/name/nm0076094/index.html]
[www.imdb.com/name/nm1284829/index.html]
[www.imdb.com/name/nm0306236/index.html]
[www.imdb.com/name/nm0004486/index.html]
[www.imdb.com/name/nm0825598/index.html]
[www.imdb.com/name/nm0000276/index.html]
[www.imdb.com/name/nm0451234/index.html]
[www.imdb.com/name/nm0355910/index.html]
[www.imdb.com/name/nm0001702/index.html]
[www.imdb.com/name/nm0000729/index.html]
[www.imdb.com/name/nm0005342/index.html]
[www.imdb.com/name/nm0000997/index.html]
[www.imdb.com/name/nm0868219/index.html]
[www.imdb.com/name/nm0001099/index.html]
[www.imdb.com/name/nm0001804/index.html]
[www.imdb.com/name/nm0235250/index.html]
[www.imdb.com/name/nm0000662/index.html]
[www.imdb.com/name/nm1426575/index.html]
[www.imdb.com/name/nm0000661/index.html]
[www.imdb.com/name/nm0772487/index.html]
[www.imdb.com/name/nm2244205/index.html]
[www.imdb.com/name/nm7209859/index.html]
[www.imdb.com/name/nm1482301/index.html]
[www.imdb.com/name/nm0424848/index.html]
[www.imdb.com/name/nm0000467/index.html]
[www.imdb.com/name/nm0000429/index.html]
[www.imdb.com/name/nm0051714/index.html]
[www.imdb.com/name/nm0001335/index.html]
[www.imdb.com/name/nm0000365/index.html]
[www.imdb.com/name/nm0217817/index.html]
[www.imdb.com/name/nm0683531/index.html]
[www.imdb.com/name/nm0000419/index.html]
[www.imdb.com/name/nm0000157/index.html]
[www.imdb.com/name/nm0833448/index.html]
[www.imdb.com/name/nm0000402/index.html]
[www.imdb.com/name/nm0279472/index.html]
[www.imdb.com/name/nm0000427/index.html]
[www.imdb.com/name/nm0001666/index.html]
[www.imdb.com/name/nm0001951/index.html]
[www.imdb.com/name/nm0115161/index.html]
[www.imdb.com/name/nm0000496/index.html]
[www.imdb.com/name/nm0000572/index.html]
[www.imdb.com/name/nm0001453/index.html]
[www.imdb.com/name/nm1415323/index.html]
[www.imdb.com/name/nm0004854/index.html]
[www.imdb.com/name/nm0295484/index.html]
[www.imdb.com/name/nm0005499/index.html]
[www.imdb.com/name/nm0001784/index.html]
[www.imdb.com/name/nm0001735/index.html]
[www.imdb.com/name/nm0001656/index.html]
[www.imdb.com/name/nm0528987/index.html]
[www.imdb.com/name/nm0000556/index.html]
[www.imdb.com/name/nm0161494/index.html]
[www.imdb.com/name/nm0238130/index.html]
[www.imdb.com/name/nm0000378/index.html]
[www.imdb.com/name/nm0307963/index.html]
[www.imdb.com/name/nm0307972/index.html]
[www.imdb.com/name/nm0000414/index.html]
[www.imdb.com/name/nm0005392/index.html]
[www.imdb.com/name/nm0781029/index.html]
[www.imdb.com/name/nm0695937/index.html]
[www.imdb.com/name/nm0001631/index.html]
[www.imdb.com/name/nm0001009/index.html]
[www.imdb.com/name/nm0000982/index.html]
[www.imdb.com/name/nm0000981/index.html]
[www.imdb.com/name/nm0001358/index.html]
[www.imdb.com/name/nm0878494/index.html]
[www.imdb.com/name/nm0005023/index.html]
[www.imdb.com/name/nm0000369/index.html]
[www.imdb.com/name/nm0000631/index.html]
[www.imdb.com/name/nm0000257/index.html]
[www.imdb.com/name/nm0000229/index.html]
[www.imdb.com/name/nm0002006/index.html]
[www.imdb.com/name/nm0654110/index.html]
[www.imdb.com/name/nm0386729/index.html]
[www.imdb.com/name/nm0913822/index.html]
[www.imdb.com/name/nm4139037/index.html]
[www.imdb.com/name/nm0000604/index.html]
[www.imdb.com/name/nm0003817/index.html]
[www.imdb.com/name/nm0652090/index.html]
[www.imdb.com/name/nm0005286/index.html]
[www.imdb.com/name/nm0652089/index.html]
[www.imdb.com/name/nm0001427/index.html]
[www.imdb.com/name/nm0001233/index.html]
[www.imdb.com/name/nm0000608/index.html]
[www.imdb.com/name/nm0005403/index.html]
[www.imdb.com/name/nm0000513/index.html]
[www.imdb.com/name/nm0000090/index.html]
[www.imdb.com/name/nm0000619/index.html]
[www.imdb.com/name/nm0000342/index.html]
[www.imdb.com/name/nm0188669/index.html]
[www.imdb.com/name/nm0001590/index.html]
[www.imdb.com/name/nm0000217/index.html]
[www.imdb.com/name/nm0000134/index.html]
[www.imdb.com/name/nm0000199/index.html]
[www.imdb.com/name/nm0001030/index.html]
[www.imdb.com/name/nm0802419/index.html]
[www.imdb.com/name/nm0000582/index.html]
[www.imdb.com/name/nm0000641/index.html]
[www.imdb.com/name/nm0000592/index.html]
[www.imdb.com/name/nm5096917/index.html]
[www.imdb.com/name/nm0586568/index.html]
[www.imdb.com/name/nm0000586/index.html]
[www.imdb.com/name/nm0001575/index.html]
[www.imdb.com/name/nm2230865/index.html]
[www.imdb.com/name/nm0267506/index.html]
[www.imdb.com/name/nm0079578/index.html]
[www.imdb.com/name/nm0000463/index.html]
[www.imdb.com/name/nm0079582/index.html]
[www.imdb.com/name/nm0683253/index.html]
[www.imdb.com/name/nm0001372/index.html]
[www.imdb.com/name/nm0005182/index.html]
[www.imdb.com/name/nm1411676/index.html]
[www.imdb.com/name/nm3006818/index.html]
[www.imdb.com/name/nm0628601/index.html]
[www.imdb.com/name/nm0001605/index.html]
[www.imdb.com/name/nm0745063/index.html]
[www.imdb.com/name/nm0005466/index.html]
[www.imdb.com/name/nm0004742/index.html]
[www.imdb.com/name/nm0578949/index.html]
[www.imdb.com/name/nm0160951/index.html]
[www.imdb.com/name/nm0533513/index.html]
[www.imdb.com/name/nm0000243/index.html]
[www.imdb.com/name/nm1289434/index.html]
[www.imdb.com/name/nm0126284/index.html]
[www.imdb.com/name/nm0000171/index.html]
[www.imdb.com/name/nm3592338/index.html]
[www.imdb.com/name/nm0697248/index.html]
[www.imdb.com/name/nm0000775/index.html]
[www.imdb.com/name/nm0000505/index.html]
[www.imdb.com/name/nm0428065/index.html]
[www.imdb.com/name/nm0000495/index.html]
[www.imdb.com/name/nm1275259/index.html]
[www.imdb.com/list/ls058011111/index53fc.html]
[www.imdb.com/name/nm4568989/index.html]
[www.imdb.com/name/nm5990218/index.html]
[www.imdb.com/name/nm1128572/index.html]
