[www.imdb.com/list/ls058011111/index.html]
[www.imdb.com/name/nm0001047/index.html]
[www.imdb.com/name/nm0000197/index.html]
[www.imdb.com/name/nm0000323/index.html]
[www.imdb.com/name/nm0000134/index.html]
[www.imdb.com/name/nm0000056/index.html]
[www.imdb.com/name/nm0000059/index.html]
[www.imdb.com/name/nm0000008/index.html]
[www.imdb.com/name/nm0000158/index.html]
[www.imdb.com/name/nm0000138/index.html]
[www.imdb.com/name/nm0000007/index.html]
[www.imdb.com/name/nm0000136/index.html]
[www.imdb.com/name/nm0000199/index.html]
[www.imdb.com/name/nm0000243/index.html]
[www.imdb.com/name/nm0071657/index.html]
[www.imdb.com/name/nm0000636/index.html]
[www.imdb.com/name/nm0000358/index.html]
[www.imdb.com/name/nm0000093/index.html]
[www.imdb.com/name/nm0000129/index.html]
[www.imdb.com/name/nm0000026/index.html]
[www.imdb.com/name/nm0000022/index.html]
[www.imdb.com/name/nm0000163/index.html]
[www.imdb.com/name/nm0000576/index.html]
[www.imdb.com/name/nm0752527/index.html]
[www.imdb.com/name/nm0000288/index.html]
[www.imdb.com/name/nm0000060/index.html]
[www.imdb.com/name/nm0000075/index.html]
[www.imdb.com/name/nm0000148/index.html]
[www.imdb.com/name/nm0002285/index.html]
[www.imdb.com/name/nm0167040/index.html]
[www.imdb.com/name/nm0000123/index.html]
[www.imdb.com/name/nm0167041/index.html]
[www.imdb.com/name/nm0000032/index.html]
[www.imdb.com/name/nm0000009/index.html]
[www.imdb.com/name/nm0000164/index.html]
[www.imdb.com/name/nm0000128/index.html]
[www.imdb.com/name/nm0000031/index.html]
[www.imdb.com/name/nm0000006/index.html]
[www.imdb.com/name/nm0000658/index.html]
[www.imdb.com/name/nm0000054/index.html]
[www.imdb.com/name/nm2225369/index.html]
[www.imdb.com/name/nm0000701/index.html]
[www.imdb.com/name/nm0000072/index.html]
[www.imdb.com/name/nm0000949/index.html]
[www.imdb.com/name/nm0000030/index.html]
[www.imdb.com/name/nm0000545/index.html]
[www.imdb.com/name/nm0000012/index.html]
[www.imdb.com/name/nm0000173/index.html]
[www.imdb.com/name/nm1184542/index.html]
[www.imdb.com/name/nm0000113/index.html]
[www.imdb.com/name/nm0000204/index.html]
[www.imdb.com/name/nm0000149/index.html]
[www.imdb.com/name/nm0010736/index.html]
[www.imdb.com/name/nm0001132/index.html]
[www.imdb.com/name/nm0000210/index.html]
[www.imdb.com/name/nm0860117/index.html]
[www.imdb.com/name/nm0000668/index.html]
[www.imdb.com/name/nm0492373/index.html]
[www.imdb.com/name/nm0860724/index.html]
[www.imdb.com/name/nm0000473/index.html]
[www.imdb.com/name/nm0000038/index.html]
[www.imdb.com/name/nm0000511/index.html]
[www.imdb.com/name/nm0000886/index.html]
[www.imdb.com/name/nm0000702/index.html]
[www.imdb.com/name/nm3105211/index.html]
[www.imdb.com/name/nm0000234/index.html]
[www.imdb.com/name/nm0000023/index.html]
[www.imdb.com/name/nm0001627/index.html]
[www.imdb.com/name/nm0000078/index.html]
[www.imdb.com/name/nm0000354/index.html]
[www.imdb.com/name/nm1497320/index.html]
[www.imdb.com/name/nm1497472/index.html]
[www.imdb.com/name/nm0000015/index.html]
[www.imdb.com/name/nm0000380/index.html]
[www.imdb.com/name/nm0000018/index.html]
[www.imdb.com/name/nm0000020/index.html]
[www.imdb.com/name/nm0910607/index.html]
[www.imdb.com/name/nm0000245/index.html]
[www.imdb.com/name/nm0000080/index.html]
[www.imdb.com/name/nm0000233/index.html]
[www.imdb.com/name/nm0005132/index.html]
[www.imdb.com/name/nm0000125/index.html]
[www.imdb.com/name/nm0000228/index.html]
[www.imdb.com/name/nm0000432/index.html]
[www.imdb.com/name/nm0000553/index.html]
[www.imdb.com/name/nm0001570/index.html]
[www.imdb.com/name/nm0000246/index.html]
[www.imdb.com/name/nm0000011/index.html]
[www.imdb.com/name/nm1685403/index.html]
[www.imdb.com/name/nm0000450/index.html]
[www.imdb.com/name/nm0000146/index.html]
[www.imdb.com/name/nm0000602/index.html]
[www.imdb.com/name/nm0276397/index.html]
[www.imdb.com/name/nm0276396/index.html]
[www.imdb.com/name/nm0001618/index.html]
[www.imdb.com/name/nm0000537/index.html]
[www.imdb.com/name/nm0000046/index.html]
[www.imdb.com/name/nm0000226/index.html]
[www.imdb.com/name/nm0001401/index.html]
[www.imdb.com/name/nm5362894/index.html]
[www.imdb.com/name/nm0004266/index.html]
[www.imdb.com/name/nm1684668/index.html]
[www.imdb.com/name/nm0189117/index.html]
[www.imdb.com/name/nm0827137/index.html]
[www.imdb.com/name/nm0001749/index.html]
[www.imdb.com/name/nm0000014/index.html]
[www.imdb.com/name/nm0000021/index.html]
[www.imdb.com/name/nm0002093/index.html]
[www.imdb.com/name/nm0001766/index.html]
[www.imdb.com/name/nm0001159/index.html]
[www.imdb.com/name/nm0001333/index.html]
[www.imdb.com/name/nm0000995/index.html]
[www.imdb.com/name/nm0943837/index.html]
[www.imdb.com/name/nm0000047/index.html]
[www.imdb.com/name/nm1958438/index.html]
[www.imdb.com/name/nm0001076/index.html]
[www.imdb.com/name/nm0000870/index.html]
[www.imdb.com/name/nm0182839/index.html]
[www.imdb.com/name/nm0000267/index.html]
[www.imdb.com/name/nm0182838/index.html]
[www.imdb.com/name/nm0632623/index.html]
[www.imdb.com/name/nm0664257/index.html]
[www.imdb.com/name/nm0000039/index.html]
[www.imdb.com/name/nm0000651/index.html]
[www.imdb.com/name/nm0707023/index.html]
[www.imdb.com/name/nm0000215/index.html]
[www.imdb.com/name/nm0167084/index.html]
[www.imdb.com/name/nm0000335/index.html]
[www.imdb.com/list/ls058011111/index72a9.html]
[www.imdb.com/name/nm0000081/index.html]
[www.imdb.com/name/nm0000013/index.html]
[www.imdb.com/name/nm0000404/index.html]
[www.imdb.com/list/ls058011111/index27d2.html]
[www.imdb.com/name/nm0108728/index.html]
[www.imdb.com/name/nm0000978/index.html]
[www.imdb.com/name/nm0000313/index.html]
[www.imdb.com/name/nm0000977/index.html]
[www.imdb.com/name/nm0252230/index.html]
[www.imdb.com/name/nm0000169/index.html]
[www.imdb.com/name/nm0001426/index.html]
[www.imdb.com/name/nm0000168/index.html]
[www.imdb.com/name/nm0000493/index.html]
[www.imdb.com/name/nm0000582/index.html]
[www.imdb.com/name/nm0001626/index.html]
[www.imdb.com/name/nm0001715/index.html]
[www.imdb.com/name/nm0000686/index.html]
[www.imdb.com/name/nm0000151/index.html]
[www.imdb.com/name/nm0871455/index.html]
[www.imdb.com/name/nm0000237/index.html]
[www.imdb.com/name/nm0000071/index.html]
[www.imdb.com/name/nm0000190/index.html]
[www.imdb.com/name/nm0000564/index.html]
[www.imdb.com/name/nm0000010/index.html]
[www.imdb.com/name/nm0000131/index.html]
[www.imdb.com/name/nm0005212/index.html]
[www.imdb.com/name/nm0000195/index.html]
[www.imdb.com/name/nm0236519/index.html]
[www.imdb.com/name/nm0615063/index.html]
[www.imdb.com/name/nm0002049/index.html]
[www.imdb.com/name/nm0235991/index.html]
[www.imdb.com/name/nm0000375/index.html]
[www.imdb.com/name/nm1692024/index.html]
[www.imdb.com/name/nm0000115/index.html]
[www.imdb.com/name/nm0000698/index.html]
[www.imdb.com/name/nm0000338/index.html]
[www.imdb.com/name/nm0182716/index.html]
[www.imdb.com/name/nm0000126/index.html]
[www.imdb.com/name/nm0182722/index.html]
[www.imdb.com/name/nm0000661/index.html]
[www.imdb.com/name/nm0000662/index.html]
[www.imdb.com/name/nm0001136/index.html]
[www.imdb.com/name/nm0001257/index.html]
[www.imdb.com/name/nm0428354/index.html]
[www.imdb.com/name/nm0908153/index.html]
[www.imdb.com/name/nm0275992/index.html]
[www.imdb.com/name/nm0000398/index.html]
[www.imdb.com/name/nm0537146/index.html]
[www.imdb.com/name/nm0572633/index.html]
[www.imdb.com/name/nm0001256/index.html]
[www.imdb.com/name/nm0445656/index.html]
[www.imdb.com/name/nm0000456/index.html]
[www.imdb.com/name/nm0005476/index.html]
[www.imdb.com/name/nm0001055/index.html]
[www.imdb.com/name/nm0000178/index.html]
[www.imdb.com/name/nm0001448/index.html]
[www.imdb.com/name/nm0001124/index.html]
[www.imdb.com/name/nm0841797/index.html]
[www.imdb.com/name/nm0000002/index.html]
[www.imdb.com/name/nm0000531/index.html]
[www.imdb.com/name/nm0790454/index.html]
[www.imdb.com/name/nm0784407/index.html]
[www.imdb.com/name/nm0790431/index.html]
[www.imdb.com/name/nm0790418/index.html]
[www.imdb.com/name/nm0001328/index.html]
[www.imdb.com/name/nm0001546/index.html]
[www.imdb.com/name/nm0000541/index.html]
[www.imdb.com/name/nm0536167/index.html]
[www.imdb.com/name/nm0000932/index.html]
[www.imdb.com/name/nm0077560/index.html]
[www.imdb.com/name/nm0000107/index.html]
[www.imdb.com/name/nm0000232/index.html]
[www.imdb.com/name/nm0413559/index.html]
[www.imdb.com/name/nm0001656/index.html]
[www.imdb.com/name/nm0000133/index.html]
[www.imdb.com/name/nm0000193/index.html]
[www.imdb.com/name/nm0679410/index.html]
[www.imdb.com/name/nm0000201/index.html]
[www.imdb.com/name/nm0679427/index.html]
[www.imdb.com/name/nm0591486/index.html]
[www.imdb.com/name/nm0591485/index.html]
[www.imdb.com/name/nm0000122/index.html]
[www.imdb.com/name/nm0000634/index.html]
[www.imdb.com/name/nm0000095/index.html]
[www.imdb.com/name/nm1585176/index.html]
[www.imdb.com/name/nm0000685/index.html]
[www.imdb.com/name/nm0000154/index.html]
[www.imdb.com/name/nm0000120/index.html]
[www.imdb.com/name/nm0000242/index.html]
[www.imdb.com/name/nm0000849/index.html]
[www.imdb.com/name/nm0000188/index.html]
[www.imdb.com/name/nm0054225/index.html]
[www.imdb.com/name/nm0054224/index.html]
[www.imdb.com/name/nm0616344/index.html]
[www.imdb.com/name/nm1892669/index.html]
[www.imdb.com/name/nm0730349/index.html]
[www.imdb.com/name/nm0730420/index.html]
[www.imdb.com/name/nm0000209/index.html]
[www.imdb.com/name/nm0001837/index.html]
[www.imdb.com/name/nm0001557/index.html]
[www.imdb.com/name/nm0000230/index.html]
[www.imdb.com/name/nm0000216/index.html]
[www.imdb.com/name/nm0915989/index.html]
[www.imdb.com/name/nm0000027/index.html]
[www.imdb.com/name/nm0001691/index.html]
[www.imdb.com/name/nm0000489/index.html]
[www.imdb.com/name/nm0000287/index.html]
[www.imdb.com/name/nm0000285/index.html]
[www.imdb.com/name/nm0000286/index.html]
[www.imdb.com/name/nm0000838/index.html]
[www.imdb.com/name/nm0001001/index.html]
[www.imdb.com/name/nm0005467/index.html]
[www.imdb.com/name/nm0000140/index.html]
[www.imdb.com/name/nm0001774/index.html]
[www.imdb.com/name/nm0575198/index.html]
[www.imdb.com/name/nm0000941/index.html]
[www.imdb.com/name/nm0000353/index.html]
[www.imdb.com/name/nm0000438/index.html]
[www.imdb.com/name/nm0000172/index.html]
[www.imdb.com/name/nm0946811/index.html]
[www.imdb.com/name/nm0000631/index.html]
[www.imdb.com/name/nm0000217/index.html]
[www.imdb.com/name/nm0058203/index.html]
[www.imdb.com/name/nm0000857/index.html]
[www.imdb.com/name/nm0000106/index.html]
[www.imdb.com/name/nm0000229/index.html]
[www.imdb.com/name/nm0000213/index.html]
[www.imdb.com/name/nm0000678/index.html]
[www.imdb.com/name/nm0000235/index.html]
[www.imdb.com/name/nm0862200/index.html]
[www.imdb.com/name/nm0862201/index.html]
[www.imdb.com/name/nm0567408/index.html]
[www.imdb.com/name/nm0828419/index.html]
[www.imdb.com/name/nm0000623/index.html]
[www.imdb.com/name/nm0000906/index.html]
[www.imdb.com/name/nm0915961/index.html]
[www.imdb.com/name/nm0408876/index.html]
[www.imdb.com/name/nm0000244/index.html]
[www.imdb.com/name/nm0940946/index.html]
[www.imdb.com/name/nm0000659/index.html]
[www.imdb.com/name/nm0000079/index.html]
[www.imdb.com/name/nm0095804/index.html]
[www.imdb.com/name/nm0564790/index.html]
[www.imdb.com/name/nm0001848/index.html]
[www.imdb.com/name/nm0001378/index.html]
[www.imdb.com/name/nm0001379/index.html]
[www.imdb.com/name/nm0370359/index.html]
[www.imdb.com/name/nm2938627/index.html]
[www.imdb.com/name/nm0370360/index.html]
[www.imdb.com/name/nm0000443/index.html]
[www.imdb.com/name/nm0291504/index.html]
[www.imdb.com/name/nm0001114/index.html]
[www.imdb.com/name/nm0001012/index.html]
[www.imdb.com/name/nm0000569/index.html]
[www.imdb.com/name/nm0001591/index.html]
[www.imdb.com/name/nm0001100/index.html]
[www.imdb.com/name/nm0000194/index.html]
[www.imdb.com/name/nm0000700/index.html]
[www.imdb.com/name/nm0000207/index.html]
[www.imdb.com/name/nm0000300/index.html]
[www.imdb.com/name/nm0923309/index.html]
[www.imdb.com/list/ls058011111/indexd98c.html]
[www.imdb.com/name/nm0360305/index.html]
[www.imdb.com/name/nm0000435/index.html]
[www.imdb.com/list/ls058011111/index3968.html]
[www.imdb.com/name/nm0001752/index.html]
[www.imdb.com/name/nm0001125/index.html]
[www.imdb.com/name/nm0000102/index.html]
[www.imdb.com/name/nm0000155/index.html]
[www.imdb.com/name/nm0842029/index.html]
[www.imdb.com/name/nm0000664/index.html]
[www.imdb.com/name/nm0000323/index.html]
[www.imdb.com/name/nm0000044/index.html]
[www.imdb.com/name/nm0000142/index.html]
[www.imdb.com/name/nm0000053/index.html]
[www.imdb.com/name/nm0268199/index.html]
[www.imdb.com/name/nm0001708/index.html]
[www.imdb.com/name/nm0000034/index.html]
[www.imdb.com/name/nm0000064/index.html]
[www.imdb.com/name/nm0001635/index.html]
[www.imdb.com/name/nm0001224/index.html]
[www.imdb.com/name/nm2580347/index.html]
[www.imdb.com/name/nm0000050/index.html]
[www.imdb.com/name/nm0349310/index.html]
[www.imdb.com/name/nm0000051/index.html]
[www.imdb.com/name/nm0466099/index.html]
[www.imdb.com/name/nm0000036/index.html]
[www.imdb.com/name/nm0396378/index.html]
[www.imdb.com/name/nm0001211/index.html]
[www.imdb.com/name/nm0732408/index.html]
[www.imdb.com/name/nm0134662/index.html]
[www.imdb.com/name/nm0444172/index.html]
[www.imdb.com/name/nm0444176/index.html]
[www.imdb.com/name/nm0427231/index.html]
[www.imdb.com/name/nm0039938/index.html]
[www.imdb.com/name/nm0000037/index.html]
[www.imdb.com/name/nm0000001/index.html]
[www.imdb.com/name/nm0177896/index.html]
[www.imdb.com/name/nm0000179/index.html]
[www.imdb.com/name/nm1500155/index.html]
[www.imdb.com/name/nm0316079/index.html]
[www.imdb.com/name/nm0001845/index.html]
[www.imdb.com/name/nm2012087/index.html]
[www.imdb.com/name/nm0001467/index.html]
[www.imdb.com/name/nm2891447/index.html]
[www.imdb.com/name/nm1706767/index.html]
[www.imdb.com/name/nm3206443/index.html]
[www.imdb.com/name/nm2788156/index.html]
[www.imdb.com/name/nm1655276/index.html]
[www.imdb.com/name/nm1055413/index.html]
[www.imdb.com/name/nm0001788/index.html]
[www.imdb.com/name/nm0000840/index.html]
[www.imdb.com/name/nm0000993/index.html]
[www.imdb.com/name/nm0000166/index.html]
[www.imdb.com/name/nm0000099/index.html]
[www.imdb.com/name/nm0402460/index.html]
[www.imdb.com/name/nm0000544/index.html]
[www.imdb.com/name/nm0005028/index.html]
[www.imdb.com/name/nm0001876/index.html]
[www.imdb.com/name/nm0000139/index.html]
[www.imdb.com/name/nm0001666/index.html]
[www.imdb.com/name/nm0002149/index.html]
[www.imdb.com/name/nm0000028/index.html]
[www.imdb.com/name/nm0000058/index.html]
[www.imdb.com/name/nm0372176/index.html]
[www.imdb.com/name/nm0001485/index.html]
[www.imdb.com/name/nm0001057/index.html]
[www.imdb.com/name/nm1742205/index.html]
[www.imdb.com/name/nm0001473/index.html]
[www.imdb.com/name/nm0000017/index.html]
[www.imdb.com/name/nm0001479/index.html]
[www.imdb.com/name/nm0000795/index.html]
[www.imdb.com/name/nm0001318/index.html]
[www.imdb.com/name/nm0001677/index.html]
[www.imdb.com/name/nm0922213/index.html]
[www.imdb.com/name/nm0681933/index.html]
[www.imdb.com/name/nm0000096/index.html]
[www.imdb.com/name/nm0914612/index.html]
[www.imdb.com/name/nm0000212/index.html]
[www.imdb.com/name/nm0000273/index.html]
[www.imdb.com/name/nm1212722/index.html]
[www.imdb.com/name/nm1165110/index.html]
[www.imdb.com/name/nm1292661/index.html]
[www.imdb.com/name/nm2955013/index.html]
[www.imdb.com/name/nm0147147/index.html]
[www.imdb.com/name/nm0362766/index.html]
[www.imdb.com/name/nm0634240/index.html]
[www.imdb.com/name/nm0241121/index.html]
[www.imdb.com/name/nm1207938/index.html]
[www.imdb.com/name/nm0758912/index.html]
[www.imdb.com/name/nm1572285/index.html]
[www.imdb.com/name/nm1048050/index.html]
[www.imdb.com/name/nm0000147/index.html]
[www.imdb.com/name/nm2707683/index.html]
[www.imdb.com/name/nm0004937/index.html]
[www.imdb.com/name/nm0004778/index.html]
[www.imdb.com/name/nm0000905/index.html]
[www.imdb.com/name/nm0000458/index.html]
[www.imdb.com/name/nm0000343/index.html]
[www.imdb.com/name/nm0000460/index.html]
[www.imdb.com/name/nm0000719/index.html]
[www.imdb.com/name/nm0002075/index.html]
[www.imdb.com/name/nm0000377/index.html]
[www.imdb.com/name/nm0138770/index.html]
[www.imdb.com/name/nm0731772/index.html]
[www.imdb.com/name/nm0001768/index.html]
[www.imdb.com/name/nm0695435/index.html]
[www.imdb.com/name/nm0001511/index.html]
[www.imdb.com/name/nm0001322/index.html]
[www.imdb.com/name/nm0417837/index.html]
[www.imdb.com/name/nm0001703/index.html]
[www.imdb.com/name/nm0002001/index.html]
[www.imdb.com/name/nm0000052/index.html]
[www.imdb.com/name/nm0000989/index.html]
[www.imdb.com/name/nm0000057/index.html]
[www.imdb.com/name/nm1631269/index.html]
[www.imdb.com/name/nm2053066/index.html]
[www.imdb.com/name/nm0000308/index.html]
[www.imdb.com/name/nm0447695/index.html]
[www.imdb.com/name/nm0447720/index.html]
[www.imdb.com/name/nm0001833/index.html]
[www.imdb.com/name/nm0000307/index.html]
[www.imdb.com/name/nm0461139/index.html]
[www.imdb.com/name/nm0461136/index.html]
[www.imdb.com/name/nm0531930/index.html]
[www.imdb.com/name/nm1045816/index.html]
[www.imdb.com/name/nm0005490/index.html]
[www.imdb.com/name/nm0203836/index.html]
[www.imdb.com/name/nm0424012/index.html]
[www.imdb.com/name/nm0424060/index.html]
[www.imdb.com/name/nm0423984/index.html]
[www.imdb.com/name/nm0424089/index.html]
[www.imdb.com/name/nm0423956/index.html]
[www.imdb.com/name/nm1468214/index.html]
[www.imdb.com/name/nm1502276/index.html]
[www.imdb.com/name/nm0266824/index.html]
[www.imdb.com/name/nm0030100/index.html]
[www.imdb.com/name/nm0235624/index.html]
[www.imdb.com/name/nm0000098/index.html]
[www.imdb.com/name/nm0000124/index.html]
[www.imdb.com/name/nm1046097/index.html]
[www.imdb.com/name/nm1659547/index.html]
[www.imdb.com/name/nm0005109/index.html]
[www.imdb.com/name/nm1086543/index.html]
[www.imdb.com/name/nm7136185/index.html]
[www.imdb.com/name/nm0530223/index.html]
[www.imdb.com/name/nm0000182/index.html]
[www.imdb.com/name/nm0000117/index.html]
[www.imdb.com/name/nm0000103/index.html]
[www.imdb.com/name/nm0004695/index.html]
[www.imdb.com/name/nm0829522/index.html]
[www.imdb.com/name/nm0543032/index.html]
[www.imdb.com/name/nm0829576/index.html]
[www.imdb.com/name/nm1913734/index.html]
[www.imdb.com/name/nm0910278/index.html]
[www.imdb.com/name/nm0001463/index.html]
[www.imdb.com/name/nm0000130/index.html]
[www.imdb.com/list/ls058011111/index1304.html]
[www.imdb.com/list/ls058011111/index4b16.html]
[www.imdb.com/name/nm1297015/index.html]
[www.imdb.com/name/nm0000348/index.html]
[www.imdb.com/list/ls058011111/index74f5.html]
[www.imdb.com/name/nm4335098/index.html]
[www.imdb.com/name/nm0002024/index.html]
[www.imdb.com/name/nm0000379/index.html]
[www.imdb.com/name/nm0001207/index.html]
[www.imdb.com/name/nm0391062/index.html]
[www.imdb.com/name/nm0172903/index.html]
[www.imdb.com/name/nm0545298/index.html]
[www.imdb.com/name/nm0000858/index.html]
[www.imdb.com/name/nm0001537/index.html]
[www.imdb.com/name/nm0232196/index.html]
[www.imdb.com/name/nm0510134/index.html]
[www.imdb.com/name/nm0612847/index.html]
[www.imdb.com/name/nm0001078/index.html]
[www.imdb.com/name/nm0572142/index.html]
[www.imdb.com/name/nm0000406/index.html]
[www.imdb.com/name/nm0001452/index.html]
[www.imdb.com/name/nm0000891/index.html]
[www.imdb.com/name/nm0000621/index.html]
[www.imdb.com/name/nm0751032/index.html]
[www.imdb.com/name/nm0000856/index.html]
[www.imdb.com/name/nm0000859/index.html]
[www.imdb.com/name/nm0062828/index.html]
[www.imdb.com/name/nm0718121/index.html]
[www.imdb.com/name/nm0000156/index.html]
[www.imdb.com/name/nm0177933/index.html]
[www.imdb.com/name/nm0012245/index.html]
[www.imdb.com/name/nm0000980/index.html]
[www.imdb.com/name/nm0000336/index.html]
[www.imdb.com/name/nm0000421/index.html]
[www.imdb.com/name/nm3165965/index.html]
[www.imdb.com/name/nm0328949/index.html]
[www.imdb.com/name/nm0001445/index.html]
[www.imdb.com/name/nm0249673/index.html]
[www.imdb.com/name/nm0741269/index.html]
[www.imdb.com/name/nm0001588/index.html]
[www.imdb.com/name/nm0002144/index.html]
[www.imdb.com/name/nm0000177/index.html]
[www.imdb.com/name/nm0000747/index.html]
[www.imdb.com/name/nm0000295/index.html]
[www.imdb.com/name/nm0517182/index.html]
[www.imdb.com/name/nm0065764/index.html]
[www.imdb.com/name/nm0221046/index.html]
[www.imdb.com/name/nm0221042/index.html]
[www.imdb.com/name/nm0221044/index.html]
[www.imdb.com/name/nm0931329/index.html]
[www.imdb.com/name/nm0000170/index.html]
[www.imdb.com/name/nm1411125/index.html]
[www.imdb.com/name/nm2196442/index.html]
[www.imdb.com/name/nm0001838/index.html]
[www.imdb.com/name/nm2784694/index.html]
[www.imdb.com/name/nm0068338/index.html]
[www.imdb.com/name/nm0001337/index.html]
[www.imdb.com/name/nm0000239/index.html]
[www.imdb.com/name/nm0119143/index.html]
[www.imdb.com/name/nm0012613/index.html]
[www.imdb.com/name/nm0878911/index.html]
[www.imdb.com/name/nm0750221/index.html]
[www.imdb.com/name/nm1567113/index.html]
[www.imdb.com/name/nm1083271/index.html]
[www.imdb.com/name/nm0656183/index.html]
[www.imdb.com/name/nm0924508/index.html]
[www.imdb.com/name/nm0244630/index.html]
[www.imdb.com/name/nm0000705/index.html]
[www.imdb.com/name/nm1015262/index.html]
[www.imdb.com/name/nm0205626/index.html]
[www.imdb.com/name/nm0000073/index.html]
[www.imdb.com/name/nm0000506/index.html]
[www.imdb.com/name/nm0355357/index.html]
[www.imdb.com/name/nm1880888/index.html]
[www.imdb.com/name/nm0004851/index.html]
[www.imdb.com/name/nm0000333/index.html]
[www.imdb.com/name/nm0001221/index.html]
[www.imdb.com/name/nm0001046/index.html]
[www.imdb.com/name/nm0628955/index.html]
[www.imdb.com/name/nm0623658/index.html]
[www.imdb.com/name/nm0000199/index.html]
[www.imdb.com/name/nm0001283/index.html]
[www.imdb.com/name/nm0000024/index.html]
[www.imdb.com/name/nm0000059/index.html]
[www.imdb.com/name/nm0000459/index.html]
[www.imdb.com/name/nm0001380/index.html]
[www.imdb.com/name/nm0001256/index.html]
[www.imdb.com/name/nm0002048/index.html]
[www.imdb.com/name/nm0000602/index.html]
[www.imdb.com/name/nm0523932/index.html]
[www.imdb.com/name/nm0001673/index.html]
[www.imdb.com/name/nm0730165/index.html]
[www.imdb.com/name/nm0122675/index.html]
[www.imdb.com/name/nm0000080/index.html]
[www.imdb.com/name/nm0424565/index.html]
[www.imdb.com/name/nm0000160/index.html]
[www.imdb.com/name/nm0400652/index.html]
[www.imdb.com/name/nm0000078/index.html]
[www.imdb.com/name/nm0000011/index.html]
[www.imdb.com/name/nm0000071/index.html]
[www.imdb.com/name/nm0590055/index.html]
[www.imdb.com/name/nm0949574/index.html]
[www.imdb.com/name/nm0016781/index.html]
[www.imdb.com/name/nm0016776/index.html]
[www.imdb.com/name/nm0001421/index.html]
[www.imdb.com/name/nm0000527/index.html]
[www.imdb.com/name/nm0000842/index.html]
[www.imdb.com/name/nm0001811/index.html]
[www.imdb.com/name/nm0003225/index.html]
[www.imdb.com/name/nm0001995/index.html]
[www.imdb.com/name/nm0341518/index.html]
[www.imdb.com/name/nm0412322/index.html]
[www.imdb.com/name/nm0000999/index.html]
[www.imdb.com/name/nm0000063/index.html]
[www.imdb.com/name/nm0639529/index.html]
[www.imdb.com/name/nm0000843/index.html]
[www.imdb.com/name/nm0001571/index.html]
[www.imdb.com/name/nm0797531/index.html]
[www.imdb.com/name/nm0000069/index.html]
[www.imdb.com/name/nm0680983/index.html]
[www.imdb.com/name/nm0878422/index.html]
[www.imdb.com/name/nm0536167/index.html]
[www.imdb.com/name/nm0949835/index.html]
[www.imdb.com/name/nm0534286/index.html]
[www.imdb.com/name/nm0267812/index.html]
[www.imdb.com/name/nm0429250/index.html]
[www.imdb.com/name/nm0000123/index.html]
[www.imdb.com/name/nm0237597/index.html]
[www.imdb.com/name/nm0310980/index.html]
[www.imdb.com/name/nm0371040/index.html]
[www.imdb.com/name/nm2143282/index.html]
[www.imdb.com/name/nm0502425/index.html]
[www.imdb.com/name/nm0818055/index.html]
[www.imdb.com/name/nm0594898/index.html]
[www.imdb.com/name/nm0559144/index.html]
[www.imdb.com/name/nm0842770/index.html]
[www.imdb.com/name/nm0000250/index.html]
[www.imdb.com/name/nm1617685/index.html]
[www.imdb.com/name/nm0001315/index.html]
[www.imdb.com/name/nm0001593/index.html]
[www.imdb.com/name/nm0866608/index.html]
[www.imdb.com/name/nm0000673/index.html]
[www.imdb.com/list/ls058011111/indexd98c.html]
[www.imdb.com/list/ls058011111/indexf653.html]
[www.imdb.com/name/nm0001689/index.html]
[www.imdb.com/name/nm0000416/index.html]
[www.imdb.com/name/nm0000313/index.html]
[www.imdb.com/name/nm0000510/index.html]
[www.imdb.com/name/nm0000210/index.html]
[www.imdb.com/name/nm0000424/index.html]
[www.imdb.com/name/nm0000106/index.html]
[www.imdb.com/name/nm0280178/index.html]
[www.imdb.com/name/nm0001336/index.html]
[www.imdb.com/name/nm0187981/index.html]
[www.imdb.com/name/nm0593775/index.html]
[www.imdb.com/name/nm0771584/index.html]
[www.imdb.com/name/nm0852983/index.html]
[www.imdb.com/name/nm0000974/index.html]
[www.imdb.com/name/nm0000206/index.html]
[www.imdb.com/name/nm1475594/index.html]
[www.imdb.com/name/nm1696097/index.html]
[www.imdb.com/name/nm0413168/index.html]
[www.imdb.com/name/nm0425005/index.html]
[www.imdb.com/name/nm0426117/index.html]
[www.imdb.com/name/nm0537990/index.html]
[www.imdb.com/name/nm0340339/index.html]
[www.imdb.com/name/nm0705353/index.html]
[www.imdb.com/name/nm0001191/index.html]
[www.imdb.com/name/nm0705356/index.html]
[www.imdb.com/name/nm0898731/index.html]
[www.imdb.com/name/nm0331516/index.html]
[www.imdb.com/name/nm0185819/index.html]
[www.imdb.com/name/nm0004874/index.html]
[www.imdb.com/name/nm0318522/index.html]
[www.imdb.com/name/nm1517976/index.html]
[www.imdb.com/name/nm0000255/index.html]
[www.imdb.com/name/nm0683986/index.html]
[www.imdb.com/name/nm0318529/index.html]
[www.imdb.com/name/nm0683977/index.html]
[www.imdb.com/name/nm0350374/index.html]
[www.imdb.com/name/nm0001156/index.html]
[www.imdb.com/name/nm0001919/index.html]
[www.imdb.com/name/nm0000333/index.html]
[www.imdb.com/name/nm0703070/index.html]
[www.imdb.com/name/nm0001373/index.html]
[www.imdb.com/name/nm0000265/index.html]
[www.imdb.com/name/nm0822972/index.html]
[www.imdb.com/name/nm0833152/index.html]
[www.imdb.com/name/nm0005460/index.html]
[www.imdb.com/name/nm0714878/index.html]
[www.imdb.com/name/nm0000603/index.html]
[www.imdb.com/name/nm0000059/index.html]
[www.imdb.com/name/nm0335519/index.html]
[www.imdb.com/name/nm0373012/index.html]
[www.imdb.com/name/nm0002106/index.html]
[www.imdb.com/name/nm0663820/index.html]
[www.imdb.com/name/nm0001458/index.html]
[www.imdb.com/name/nm0006800/index.html]
[www.imdb.com/name/nm0656183/index.html]
[www.imdb.com/name/nm0350454/index.html]
[www.imdb.com/name/nm0001859/index.html]
[www.imdb.com/name/nm0284524/index.html]
[www.imdb.com/name/nm0350455/index.html]
[www.imdb.com/name/nm0005017/index.html]
[www.imdb.com/name/nm0350453/index.html]
[www.imdb.com/name/nm0241205/index.html]
[www.imdb.com/name/nm0001157/index.html]
[www.imdb.com/name/nm0384908/index.html]
[www.imdb.com/name/nm0880855/index.html]
[www.imdb.com/name/nm0789737/index.html]
[www.imdb.com/name/nm0001549/index.html]
[www.imdb.com/name/nm0540416/index.html]
[www.imdb.com/name/nm0886888/index.html]
[www.imdb.com/name/nm0285210/index.html]
[www.imdb.com/name/nm0001273/index.html]
[www.imdb.com/name/nm0001415/index.html]
[www.imdb.com/name/nm0001693/index.html]
[www.imdb.com/name/nm0002108/index.html]
[www.imdb.com/name/nm0000033/index.html]
[www.imdb.com/name/nm0562454/index.html]
[www.imdb.com/name/nm2420302/index.html]
[www.imdb.com/name/nm0001375/index.html]
[www.imdb.com/name/nm1940449/index.html]
[www.imdb.com/name/nm0719637/index.html]
[www.imdb.com/name/nm0136797/index.html]
[www.imdb.com/name/nm0000130/index.html]
[www.imdb.com/name/nm0262635/index.html]
[www.imdb.com/name/nm4576629/index.html]
[www.imdb.com/name/nm4136056/index.html]
[www.imdb.com/name/nm0302108/index.html]
[www.imdb.com/name/nm0290556/index.html]
[www.imdb.com/name/nm3678552/index.html]
[www.imdb.com/name/nm0002071/index.html]
[www.imdb.com/name/nm0479471/index.html]
[www.imdb.com/name/nm0736622/index.html]
[www.imdb.com/name/nm0330687/index.html]
[www.imdb.com/name/nm0506209/index.html]
[www.imdb.com/name/nm0005351/index.html]
[www.imdb.com/name/nm0748620/index.html]
[www.imdb.com/name/nm0781981/index.html]
[www.imdb.com/name/nm0005458/index.html]
[www.imdb.com/name/nm0886733/index.html]
[www.imdb.com/name/nm0001813/index.html]
[www.imdb.com/name/nm0005493/index.html]
[www.imdb.com/name/nm1374980/index.html]
[www.imdb.com/name/nm0932992/index.html]
[www.imdb.com/name/nm0251986/index.html]
[www.imdb.com/name/nm0005562/index.html]
[www.imdb.com/name/nm0005561/index.html]
[www.imdb.com/name/nm0060809/index.html]
[www.imdb.com/name/nm0000867/index.html]
[www.imdb.com/name/nm1347153/index.html]
[www.imdb.com/name/nm2955013/index.html]
[www.imdb.com/name/nm1165110/index.html]
[www.imdb.com/name/nm1292661/index.html]
[www.imdb.com/name/nm0451321/index.html]
[www.imdb.com/name/nm0000301/index.html]
[www.imdb.com/name/nm0083262/index.html]
[www.imdb.com/name/nm0175485/index.html]
[www.imdb.com/name/nm0000638/index.html]
[www.imdb.com/name/nm0083247/index.html]
[www.imdb.com/name/nm0872456/index.html]
[www.imdb.com/name/nm0942394/index.html]
[www.imdb.com/name/nm0002141/index.html]
[www.imdb.com/name/nm0000879/index.html]
[www.imdb.com/name/nm1760529/index.html]
[www.imdb.com/name/nm0000856/index.html]
[www.imdb.com/name/nm0001451/index.html]
[www.imdb.com/name/nm0206257/index.html]
[www.imdb.com/name/nm0942863/index.html]
[www.imdb.com/name/nm0326418/index.html]
[www.imdb.com/name/nm0000802/index.html]
[www.imdb.com/name/nm0002034/index.html]
[www.imdb.com/name/nm3302336/index.html]
[www.imdb.com/name/nm2539953/index.html]
[www.imdb.com/name/nm1985859/index.html]
[www.imdb.com/name/nm1113550/index.html]
[www.imdb.com/name/nm0814216/index.html]
[www.imdb.com/name/nm0080868/index.html]
[www.imdb.com/name/nm0565250/index.html]
[www.imdb.com/name/nm0275486/index.html]
[www.imdb.com/name/nm0757855/index.html]
[www.imdb.com/name/nm0005253/index.html]
[www.imdb.com/name/nm1597316/index.html]
[www.imdb.com/name/nm0820053/index.html]
[www.imdb.com/name/nm0004950/index.html]
[www.imdb.com/name/nm1325419/index.html]
[www.imdb.com/name/nm1020089/index.html]
[www.imdb.com/list/ls058011111/index4b16.html]
[www.imdb.com/list/ls058011111/indexc259.html]
[www.imdb.com/name/nm0192505/index.html]
[www.imdb.com/name/nm0000661/index.html]
[www.imdb.com/name/nm0001513/index.html]
[www.imdb.com/list/ls058011111/index9abd.html]
[www.imdb.com/name/nm1521004/index.html]
[www.imdb.com/name/nm1242688/index.html]
[www.imdb.com/name/nm0915208/index.html]
[www.imdb.com/name/nm0969139/index.html]
[www.imdb.com/name/nm3322397/index.html]
[www.imdb.com/name/nm1947985/index.html]
[www.imdb.com/name/nm0402271/index.html]
[www.imdb.com/name/nm0396558/index.html]
[www.imdb.com/name/nm0623554/index.html]
[www.imdb.com/name/nm1153204/index.html]
[www.imdb.com/name/nm1093951/index.html]
[www.imdb.com/name/nm0124930/index.html]
[www.imdb.com/name/nm0186505/index.html]
[www.imdb.com/name/nm0881631/index.html]
[www.imdb.com/name/nm0908094/index.html]
[www.imdb.com/name/nm0503567/index.html]
[www.imdb.com/name/nm2703058/index.html]
[www.imdb.com/name/nm2002649/index.html]
[www.imdb.com/name/nm1089991/index.html]
[www.imdb.com/name/nm1641117/index.html]
[www.imdb.com/name/nm2018237/index.html]
[www.imdb.com/name/nm0227759/index.html]
[www.imdb.com/name/nm0678820/index.html]
[www.imdb.com/name/nm0001602/index.html]
[www.imdb.com/name/nm0749263/index.html]
[www.imdb.com/name/nm0000620/index.html]
[www.imdb.com/name/nm0001449/index.html]
[www.imdb.com/name/nm0330854/index.html]
[www.imdb.com/name/nm1519666/index.html]
[www.imdb.com/name/nm0000657/index.html]
[www.imdb.com/name/nm0005024/index.html]
[www.imdb.com/name/nm0313182/index.html]
[www.imdb.com/name/nm0929489/index.html]
[www.imdb.com/name/nm0000332/index.html]
[www.imdb.com/name/nm0002070/index.html]
[www.imdb.com/name/nm0000560/index.html]
[www.imdb.com/name/nm2086196/index.html]
[www.imdb.com/name/nm1455681/index.html]
[www.imdb.com/name/nm2605345/index.html]
[www.imdb.com/name/nm1312575/index.html]
[www.imdb.com/name/nm0168298/index.html]
[www.imdb.com/name/nm0168285/index.html]
[www.imdb.com/name/nm0279545/index.html]
[www.imdb.com/name/nm0940362/index.html]
[www.imdb.com/name/nm2313103/index.html]
[www.imdb.com/name/nm0731075/index.html]
[www.imdb.com/name/nm0000616/index.html]
[www.imdb.com/name/nm1720028/index.html]
[www.imdb.com/name/nm1954240/index.html]
[www.imdb.com/name/nm0000234/index.html]
[www.imdb.com/name/nm3112801/index.html]
[www.imdb.com/name/nm1519680/index.html]
[www.imdb.com/name/nm0739902/index.html]
[www.imdb.com/name/nm0006969/index.html]
[www.imdb.com/name/nm1754059/index.html]
[www.imdb.com/name/nm0068338/index.html]
[www.imdb.com/name/nm0811242/index.html]
[www.imdb.com/name/nm0544718/index.html]
[www.imdb.com/name/nm2934314/index.html]
[www.imdb.com/name/nm2584600/index.html]
[www.imdb.com/name/nm3073208/index.html]
[www.imdb.com/name/nm0002015/index.html]
[www.imdb.com/name/nm1404408/index.html]
[www.imdb.com/name/nm1130627/index.html]
[www.imdb.com/name/nm0263368/index.html]
[www.imdb.com/name/nm0560864/index.html]
[www.imdb.com/name/nm1512166/index.html]
[www.imdb.com/name/nm0636426/index.html]
[www.imdb.com/name/nm2368097/index.html]
[www.imdb.com/name/nm0515116/index.html]
[www.imdb.com/name/nm0515122/index.html]
[www.imdb.com/name/nm0515123/index.html]
[www.imdb.com/name/nm0113536/index.html]
[www.imdb.com/name/nm1192254/index.html]
[www.imdb.com/name/nm0338398/index.html]
[www.imdb.com/name/nm0004754/index.html]
[www.imdb.com/name/nm1200692/index.html]
[www.imdb.com/name/nm0423381/index.html]
[www.imdb.com/name/nm0001228/index.html]
[www.imdb.com/name/nm0000020/index.html]
[www.imdb.com/name/nm0000404/index.html]
[www.imdb.com/name/nm0000403/index.html]
[www.imdb.com/name/nm4211781/index.html]
[www.imdb.com/name/nm0000437/index.html]
[www.imdb.com/name/nm0000671/index.html]
[www.imdb.com/name/nm0252961/index.html]
[www.imdb.com/name/nm0001329/index.html]
[www.imdb.com/name/nm0003141/index.html]
[www.imdb.com/name/nm0001653/index.html]
[www.imdb.com/name/nm0000401/index.html]
[www.imdb.com/name/nm0000321/index.html]
[www.imdb.com/name/nm0000538/index.html]
[www.imdb.com/name/nm0000886/index.html]
[www.imdb.com/name/nm0223033/index.html]
[www.imdb.com/name/nm0000367/index.html]
[www.imdb.com/name/nm0591877/index.html]
[www.imdb.com/name/nm0104309/index.html]
[www.imdb.com/name/nm0001321/index.html]
[www.imdb.com/name/nm0000110/index.html]
[www.imdb.com/name/nm0001579/index.html]
[www.imdb.com/name/nm0001884/index.html]
[www.imdb.com/name/nm0000052/index.html]
[www.imdb.com/name/nm0001364/index.html]
[www.imdb.com/name/nm0000249/index.html]
[www.imdb.com/name/nm0370035/index.html]
[www.imdb.com/name/nm0001258/index.html]
[www.imdb.com/name/nm0001832/index.html]
[www.imdb.com/name/nm0001371/index.html]
[www.imdb.com/name/nm0001215/index.html]
[www.imdb.com/name/nm0724798/index.html]
[www.imdb.com/name/nm0002018/index.html]
[www.imdb.com/name/nm0000636/index.html]
[www.imdb.com/name/nm0183822/index.html]
[www.imdb.com/name/nm0000869/index.html]
[www.imdb.com/name/nm0001545/index.html]
[www.imdb.com/name/nm0993507/index.html]
[www.imdb.com/name/nm4832920/index.html]
[www.imdb.com/name/nm0000457/index.html]
[www.imdb.com/name/nm0728938/index.html]
[www.imdb.com/name/nm5668279/index.html]
[www.imdb.com/name/nm1950086/index.html]
[www.imdb.com/name/nm5668379/index.html]
[www.imdb.com/name/nm1140300/index.html]
[www.imdb.com/name/nm0488953/index.html]
[www.imdb.com/name/nm0000005/index.html]
[www.imdb.com/name/nm0880521/index.html]
[www.imdb.com/name/nm0266029/index.html]
[www.imdb.com/name/nm0361697/index.html]
[www.imdb.com/name/nm0751426/index.html]
[www.imdb.com/name/nm0000400/index.html]
[www.imdb.com/name/nm1792542/index.html]
[www.imdb.com/name/nm2829737/index.html]
[www.imdb.com/name/nm0671862/index.html]
[www.imdb.com/name/nm0000366/index.html]
[www.imdb.com/name/nm0001201/index.html]
[www.imdb.com/name/nm0268513/index.html]
[www.imdb.com/name/nm0001577/index.html]
[www.imdb.com/name/nm0851582/index.html]
[www.imdb.com/name/nm0001501/index.html]
[www.imdb.com/name/nm0603402/index.html]
[www.imdb.com/name/nm0210503/index.html]
[www.imdb.com/name/nm0001376/index.html]
[www.imdb.com/name/nm0001687/index.html]
[www.imdb.com/name/nm0544334/index.html]
[www.imdb.com/name/nm0647634/index.html]
[www.imdb.com/name/nm0000176/index.html]
[www.imdb.com/name/nm0491259/index.html]
[www.imdb.com/name/nm0396810/index.html]
[www.imdb.com/name/nm0001365/index.html]
[www.imdb.com/list/ls058011111/indexf653.html]
[www.imdb.com/name/nm0005536/index.html]
[www.imdb.com/list/ls058011111/index53fc.html]
[www.imdb.com/name/nm0291349/index.html]
[www.imdb.com/name/nm0005031/index.html]
[www.imdb.com/list/ls058011111/index8fb2.html]
[www.imdb.com/name/nm1886602/index.html]
[www.imdb.com/name/nm1209966/index.html]
[www.imdb.com/name/nm1417647/index.html]
[www.imdb.com/name/nm0001767/index.html]
[www.imdb.com/name/nm0117710/index.html]
[www.imdb.com/name/nm0117709/index.html]
[www.imdb.com/name/nm0001254/index.html]
[www.imdb.com/name/nm0001448/index.html]
[www.imdb.com/name/nm0674019/index.html]
[www.imdb.com/name/nm0430107/index.html]
[www.imdb.com/name/nm0000578/index.html]
[www.imdb.com/name/nm0000285/index.html]
[www.imdb.com/name/nm0000667/index.html]
[www.imdb.com/name/nm0001428/index.html]
[www.imdb.com/name/nm0935653/index.html]
[www.imdb.com/name/nm0000532/index.html]
[www.imdb.com/name/nm0000901/index.html]
[www.imdb.com/name/nm0000419/index.html]
[www.imdb.com/name/nm0785227/index.html]
[www.imdb.com/name/nm0000111/index.html]
[www.imdb.com/name/nm0110832/index.html]
[www.imdb.com/name/nm0110814/index.html]
[www.imdb.com/name/nm0740264/index.html]
[www.imdb.com/name/nm0001252/index.html]
[www.imdb.com/name/nm0000454/index.html]
[www.imdb.com/name/nm0060016/index.html]
[www.imdb.com/name/nm0001536/index.html]
[www.imdb.com/name/nm0001993/index.html]
[www.imdb.com/name/nm0144045/index.html]
[www.imdb.com/name/nm0799777/index.html]
[www.imdb.com/name/nm0151606/index.html]
[www.imdb.com/name/nm0000472/index.html]
[www.imdb.com/name/nm0000509/index.html]
[www.imdb.com/name/nm0791217/index.html]
[www.imdb.com/name/nm0001637/index.html]
[www.imdb.com/name/nm0000048/index.html]
[www.imdb.com/name/nm0175916/index.html]
[www.imdb.com/name/nm0000104/index.html]
[www.imdb.com/name/nm0276349/index.html]
[www.imdb.com/name/nm0000202/index.html]
[www.imdb.com/name/nm0005251/index.html]
[www.imdb.com/name/nm0001463/index.html]
[www.imdb.com/name/nm0913488/index.html]
[www.imdb.com/name/nm1503432/index.html]
[www.imdb.com/name/nm1095720/index.html]
[www.imdb.com/name/nm0608090/index.html]
[www.imdb.com/name/nm0000161/index.html]
[www.imdb.com/name/nm0000260/index.html]
[www.imdb.com/name/nm0005216/index.html]
[www.imdb.com/name/nm0005244/index.html]
[www.imdb.com/name/nm0000218/index.html]
[www.imdb.com/name/nm0000950/index.html]
[www.imdb.com/name/nm0000223/index.html]
[www.imdb.com/name/nm0001669/index.html]
[www.imdb.com/name/nm0000330/index.html]
[www.imdb.com/name/nm0000291/index.html]
[www.imdb.com/name/nm0001521/index.html]
[www.imdb.com/name/nm0000368/index.html]
[www.imdb.com/name/nm0001136/index.html]
[www.imdb.com/name/nm0002663/index.html]
[www.imdb.com/name/nm0172604/index.html]
[www.imdb.com/name/nm0000254/index.html]
[www.imdb.com/name/nm0341582/index.html]
[www.imdb.com/name/nm0000429/index.html]
[www.imdb.com/name/nm0001335/index.html]
[www.imdb.com/name/nm0000033/index.html]
[www.imdb.com/name/nm0556850/index.html]
[www.imdb.com/name/nm0000737/index.html]
[www.imdb.com/name/nm0000476/index.html]
[www.imdb.com/name/nm0800319/index.html]
[www.imdb.com/name/nm2378637/index.html]
[www.imdb.com/name/nm0383603/index.html]
[www.imdb.com/name/nm0000150/index.html]
[www.imdb.com/name/nm0289093/index.html]
[www.imdb.com/name/nm0614151/index.html]
[www.imdb.com/name/nm0528487/index.html]
[www.imdb.com/name/nm0000552/index.html]
[www.imdb.com/name/nm0000334/index.html]
[www.imdb.com/name/nm0000247/index.html]
[www.imdb.com/name/nm1484134/index.html]
[www.imdb.com/name/nm0000045/index.html]
[www.imdb.com/name/nm0532235/index.html]
[www.imdb.com/name/nm0001472/index.html]
[www.imdb.com/name/nm0001569/index.html]
[www.imdb.com/name/nm0000241/index.html]
[www.imdb.com/name/nm2519091/index.html]
[www.imdb.com/name/nm0005377/index.html]
[www.imdb.com/name/nm0793766/index.html]
[www.imdb.com/name/nm0000041/index.html]
[www.imdb.com/name/nm0001290/index.html]
[www.imdb.com/name/nm0000558/index.html]
[www.imdb.com/name/nm0670408/index.html]
[www.imdb.com/name/nm0000518/index.html]
[www.imdb.com/name/nm0788335/index.html]
[www.imdb.com/name/nm0000641/index.html]
[www.imdb.com/name/nm0001302/index.html]
[www.imdb.com/name/nm0000640/index.html]
[www.imdb.com/name/nm0000614/index.html]
[www.imdb.com/name/nm0355097/index.html]
[www.imdb.com/name/nm0001050/index.html]
[www.imdb.com/name/nm0828419/index.html]
[www.imdb.com/name/nm0229424/index.html]
[www.imdb.com/name/nm0003593/index.html]
[www.imdb.com/name/nm0006452/index.html]
[www.imdb.com/name/nm0244151/index.html]
[www.imdb.com/name/nm0000652/index.html]
[www.imdb.com/name/nm0051509/index.html]
[www.imdb.com/name/nm0001727/index.html]
[www.imdb.com/name/nm0067368/index.html]
[www.imdb.com/name/nm0067367/index.html]
[www.imdb.com/name/nm0915865/index.html]
[www.imdb.com/name/nm0231315/index.html]
[www.imdb.com/name/nm2794962/index.html]
[www.imdb.com/name/nm0826039/index.html]
[www.imdb.com/name/nm0000492/index.html]
[www.imdb.com/name/nm0877399/index.html]
[www.imdb.com/name/nm2315283/index.html]
[www.imdb.com/name/nm0607558/index.html]
[www.imdb.com/name/nm0046134/index.html]
[www.imdb.com/name/nm0000599/index.html]
[www.imdb.com/name/nm0378245/index.html]
[www.imdb.com/name/nm0752407/index.html]
[www.imdb.com/name/nm0000184/index.html]
[www.imdb.com/name/nm0002039/index.html]
[www.imdb.com/name/nm0001049/index.html]
[www.imdb.com/name/nm0056770/index.html]
[www.imdb.com/name/nm0452860/index.html]
[www.imdb.com/name/nm0001416/index.html]
[www.imdb.com/name/nm0645683/index.html]
[www.imdb.com/name/nm0165101/index.html]
[www.imdb.com/name/nm0001648/index.html]
[www.imdb.com/name/nm0013037/index.html]
[www.imdb.com/name/nm0452102/index.html]
[www.imdb.com/name/nm1628504/index.html]
[www.imdb.com/name/nm0517820/index.html]
[www.imdb.com/name/nm2411173/index.html]
[www.imdb.com/name/nm0005502/index.html]
[www.imdb.com/name/nm0001721/index.html]
[www.imdb.com/name/nm0001655/index.html]
[www.imdb.com/name/nm0447499/index.html]
[www.imdb.com/name/nm0714878/index.html]
[www.imdb.com/name/nm0000603/index.html]
[www.imdb.com/name/nm0714874/index.html]
[www.imdb.com/name/nm0714879/index.html]
[www.imdb.com/name/nm0780216/index.html]
[www.imdb.com/name/nm0341737/index.html]
[www.imdb.com/name/nm3053338/index.html]
[www.imdb.com/name/nm0000666/index.html]
[www.imdb.com/list/ls058011111/indexc259.html]
[www.imdb.com/list/ls058011111/indexff76.html]
[www.imdb.com/name/nm0917848/index.html]
[www.imdb.com/list/ls058011111/index4f1a.html]
[www.imdb.com/name/nm0540441/index.html]
[www.imdb.com/name/nm0296545/index.html]
[www.imdb.com/name/nm0000152/index.html]
[www.imdb.com/name/nm0000149/index.html]
[www.imdb.com/name/nm0000501/index.html]
[www.imdb.com/name/nm0670408/index.html]
[www.imdb.com/name/nm0358316/index.html]
[www.imdb.com/name/nm0001674/index.html]
[www.imdb.com/name/nm0000221/index.html]
[www.imdb.com/name/nm0790682/index.html]
[www.imdb.com/name/nm0000439/index.html]
[www.imdb.com/name/nm0000640/index.html]
[www.imdb.com/name/nm0753314/index.html]
[www.imdb.com/name/nm0503627/index.html]
[www.imdb.com/name/nm0000412/index.html]
[www.imdb.com/name/nm0001295/index.html]
[www.imdb.com/name/nm0001117/index.html]
[www.imdb.com/name/nm0001173/index.html]
[www.imdb.com/name/nm0450116/index.html]
[www.imdb.com/name/nm0000101/index.html]
[www.imdb.com/name/nm0874047/index.html]
[www.imdb.com/name/nm0000732/index.html]
[www.imdb.com/name/nm0000203/index.html]
[www.imdb.com/name/nm0001777/index.html]
[www.imdb.com/name/nm0000345/index.html]
[www.imdb.com/name/nm0089217/index.html]
[www.imdb.com/name/nm0000422/index.html]
[www.imdb.com/name/nm0002907/index.html]
[www.imdb.com/name/nm0001256/index.html]
[www.imdb.com/name/nm0000005/index.html]
[www.imdb.com/name/nm0001884/index.html]
[www.imdb.com/name/nm0000006/index.html]
[www.imdb.com/name/nm0000196/index.html]
[www.imdb.com/name/nm0879085/index.html]
[www.imdb.com/name/nm0000704/index.html]
[www.imdb.com/name/nm0001392/index.html]
[www.imdb.com/name/nm0000362/index.html]
[www.imdb.com/name/nm0005154/index.html]
[www.imdb.com/name/nm0005381/index.html]
[www.imdb.com/name/nm0735442/index.html]
[www.imdb.com/name/nm0001264/index.html]
[www.imdb.com/name/nm1658977/index.html]
[www.imdb.com/name/nm1560213/index.html]
[www.imdb.com/name/nm0461498/index.html]
[www.imdb.com/name/nm1659482/index.html]
[www.imdb.com/name/nm1090271/index.html]
[www.imdb.com/name/nm0356017/index.html]
[www.imdb.com/name/nm0355991/index.html]
[www.imdb.com/name/nm0263987/index.html]
[www.imdb.com/name/nm0005305/index.html]
[www.imdb.com/name/nm0001073/index.html]
[www.imdb.com/name/nm1745736/index.html]
[www.imdb.com/name/nm0000205/index.html]
[www.imdb.com/name/nm1157358/index.html]
[www.imdb.com/name/nm0005123/index.html]
[www.imdb.com/name/nm0098378/index.html]
[www.imdb.com/name/nm0000132/index.html]
[www.imdb.com/name/nm0939697/index.html]
[www.imdb.com/name/nm0202796/index.html]
[www.imdb.com/name/nm0601856/index.html]
[www.imdb.com/name/nm0939630/index.html]
[www.imdb.com/name/nm0939505/index.html]
[www.imdb.com/name/nm1706166/index.html]
[www.imdb.com/name/nm0000227/index.html]
[www.imdb.com/name/nm0000649/index.html]
[www.imdb.com/name/nm0955471/index.html]
[www.imdb.com/name/nm1468739/index.html]
[www.imdb.com/name/nm0004789/index.html]
[www.imdb.com/name/nm0000117/index.html]
[www.imdb.com/name/nm0001435/index.html]
[www.imdb.com/name/nm1614806/index.html]
[www.imdb.com/name/nm0001122/index.html]
[www.imdb.com/name/nm0214699/index.html]
[www.imdb.com/name/nm0005527/index.html]
[www.imdb.com/name/nm0601553/index.html]
[www.imdb.com/name/nm0000515/index.html]
[www.imdb.com/name/nm0000514/index.html]
[www.imdb.com/name/nm0005188/index.html]
[www.imdb.com/name/nm0000610/index.html]
[www.imdb.com/name/nm0000741/index.html]
[www.imdb.com/name/nm0723002/index.html]
[www.imdb.com/name/nm0369212/index.html]
[www.imdb.com/name/nm0000442/index.html]
[www.imdb.com/name/nm0891259/index.html]
[www.imdb.com/name/nm0000681/index.html]
[www.imdb.com/name/nm2276931/index.html]
[www.imdb.com/name/nm0000598/index.html]
[www.imdb.com/name/nm0004051/index.html]
[www.imdb.com/name/nm0000491/index.html]
[www.imdb.com/name/nm0000474/index.html]
[www.imdb.com/name/nm0121605/index.html]
[www.imdb.com/name/nm0000318/index.html]
[www.imdb.com/name/nm0322407/index.html]
[www.imdb.com/name/nm0065716/index.html]
[www.imdb.com/name/nm0163988/index.html]
[www.imdb.com/name/nm0000596/index.html]
[www.imdb.com/name/nm0001497/index.html]
[www.imdb.com/name/nm0790688/index.html]
[www.imdb.com/name/nm3334097/index.html]
[www.imdb.com/name/nm0519043/index.html]
[www.imdb.com/name/nm1553725/index.html]
[www.imdb.com/name/nm0003665/index.html]
[www.imdb.com/name/nm0085312/index.html]
[www.imdb.com/name/nm0000293/index.html]
[www.imdb.com/name/nm0000112/index.html]
[www.imdb.com/name/nm1210124/index.html]
[www.imdb.com/name/nm0241049/index.html]
[www.imdb.com/name/nm0147825/index.html]
[www.imdb.com/name/nm0269463/index.html]
[www.imdb.com/name/nm2951768/index.html]
[www.imdb.com/name/nm1333759/index.html]
[www.imdb.com/name/nm0000418/index.html]
[www.imdb.com/name/nm0240381/index.html]
[www.imdb.com/name/nm0240380/index.html]
[www.imdb.com/name/nm0935541/index.html]
[www.imdb.com/name/nm0177639/index.html]
[www.imdb.com/name/nm2057859/index.html]
[www.imdb.com/name/nm0727672/index.html]
[www.imdb.com/name/nm0000208/index.html]
[www.imdb.com/name/nm0005064/index.html]
[www.imdb.com/name/nm0748973/index.html]
[www.imdb.com/name/nm0748938/index.html]
[www.imdb.com/name/nm0727986/index.html]
[www.imdb.com/name/nm0000521/index.html]
[www.imdb.com/name/nm0684509/index.html]
[www.imdb.com/name/nm1385871/index.html]
[www.imdb.com/name/nm0185819/index.html]
[www.imdb.com/name/nm0004376/index.html]
[www.imdb.com/name/nm0429069/index.html]
[www.imdb.com/name/nm0005152/index.html]
[www.imdb.com/name/nm0428588/index.html]
[www.imdb.com/name/nm0005065/index.html]
[www.imdb.com/name/nm0000224/index.html]
[www.imdb.com/name/nm0799073/index.html]
[www.imdb.com/name/nm2492819/index.html]
[www.imdb.com/name/nm0321094/index.html]
[www.imdb.com/name/nm0001273/index.html]
[www.imdb.com/name/nm1431940/index.html]
[www.imdb.com/name/nm0257969/index.html]
[www.imdb.com/name/nm0001349/index.html]
[www.imdb.com/name/nm0002536/index.html]
[www.imdb.com/name/nm1428821/index.html]
[www.imdb.com/name/nm0329481/index.html]
[www.imdb.com/name/nm0852132/index.html]
[www.imdb.com/name/nm1800069/index.html]
[www.imdb.com/name/nm1227814/index.html]
[www.imdb.com/name/nm0180411/index.html]
[www.imdb.com/list/ls058011111/indexb847.html]
[www.imdb.com/list/ls058011111/indexff76.html]
[www.imdb.com/name/nm0001745/index.html]
[www.imdb.com/list/ls058011111/indexf172.html]
[www.imdb.com/name/nm0000706/index.html]
[www.imdb.com/name/nm0000144/index.html]
[www.imdb.com/name/nm0000453/index.html]
[www.imdb.com/name/nm0001447/index.html]
[www.imdb.com/name/nm1158871/index.html]
[www.imdb.com/name/nm0255891/index.html]
[www.imdb.com/name/nm0001454/index.html]
[www.imdb.com/name/nm0176869/index.html]
[www.imdb.com/name/nm0942482/index.html]
[www.imdb.com/name/nm0056187/index.html]
[www.imdb.com/name/nm0000329/index.html]
[www.imdb.com/name/nm0941777/index.html]
[www.imdb.com/name/nm0014883/index.html]
[www.imdb.com/name/nm0202603/index.html]
[www.imdb.com/name/nm0202638/index.html]
[www.imdb.com/name/nm0058581/index.html]
[www.imdb.com/name/nm0000547/index.html]
[www.imdb.com/name/nm0000092/index.html]
[www.imdb.com/name/nm0000409/index.html]
[www.imdb.com/name/nm0000434/index.html]
[www.imdb.com/name/nm0001084/index.html]
[www.imdb.com/name/nm0000630/index.html]
[www.imdb.com/name/nm0775277/index.html]
[www.imdb.com/name/nm1159180/index.html]
[www.imdb.com/name/nm0000174/index.html]
[www.imdb.com/name/nm1258970/index.html]
[www.imdb.com/name/nm0005266/index.html]
[www.imdb.com/name/nm0005170/index.html]
[www.imdb.com/name/nm0001772/index.html]
[www.imdb.com/name/nm0005110/index.html]
[www.imdb.com/name/nm0001293/index.html]
[www.imdb.com/name/nm0001642/index.html]
[www.imdb.com/name/nm0000648/index.html]
[www.imdb.com/name/nm0654648/index.html]
[www.imdb.com/name/nm0524839/index.html]
[www.imdb.com/name/nm0835016/index.html]
[www.imdb.com/name/nm0001705/index.html]
[www.imdb.com/name/nm0059431/index.html]
[www.imdb.com/name/nm0159789/index.html]
[www.imdb.com/name/nm0829032/index.html]
[www.imdb.com/name/nm0001338/index.html]
[www.imdb.com/name/nm0079273/index.html]
[www.imdb.com/name/nm0000676/index.html]
[www.imdb.com/name/nm0491402/index.html]
[www.imdb.com/name/nm0841910/index.html]
[www.imdb.com/name/nm0524197/index.html]
[www.imdb.com/name/nm0000563/index.html]
[www.imdb.com/name/nm0000973/index.html]
[www.imdb.com/name/nm0000650/index.html]
[www.imdb.com/name/nm0996669/index.html]
[www.imdb.com/name/nm0424216/index.html]
[www.imdb.com/name/nm0005541/index.html]
[www.imdb.com/name/nm2541974/index.html]
[www.imdb.com/name/nm0191408/index.html]
[www.imdb.com/name/nm0000983/index.html]
[www.imdb.com/name/nm0000346/index.html]
[www.imdb.com/name/nm2246727/index.html]
[www.imdb.com/name/nm0191413/index.html]
[www.imdb.com/name/nm0001684/index.html]
[www.imdb.com/name/nm0000385/index.html]
[www.imdb.com/name/nm0001029/index.html]
[www.imdb.com/name/nm0006890/index.html]
[www.imdb.com/name/nm0715906/index.html]
[www.imdb.com/name/nm0364813/index.html]
[www.imdb.com/name/nm0001321/index.html]
[www.imdb.com/name/nm0364578/index.html]
[www.imdb.com/name/nm0364807/index.html]
[www.imdb.com/name/nm0555617/index.html]
[www.imdb.com/name/nm0837177/index.html]
[www.imdb.com/name/nm0001326/index.html]
[www.imdb.com/name/nm0933940/index.html]
[www.imdb.com/name/nm0614165/index.html]
[www.imdb.com/name/nm0001082/index.html]
[www.imdb.com/name/nm2395586/index.html]
[www.imdb.com/name/nm1107001/index.html]
[www.imdb.com/name/nm0648249/index.html]
[www.imdb.com/name/nm1265802/index.html]
[www.imdb.com/name/nm0005561/index.html]
[www.imdb.com/name/nm0932992/index.html]
[www.imdb.com/name/nm0005562/index.html]
[www.imdb.com/name/nm0765597/index.html]
[www.imdb.com/name/nm0406975/index.html]
[www.imdb.com/name/nm0333410/index.html]
[www.imdb.com/name/nm0366389/index.html]
[www.imdb.com/name/nm0200452/index.html]
[www.imdb.com/name/nm0005107/index.html]
[www.imdb.com/name/nm0737967/index.html]
[www.imdb.com/name/nm2099543/index.html]
[www.imdb.com/name/nm0352778/index.html]
[www.imdb.com/name/nm0005165/index.html]
[www.imdb.com/name/nm0000507/index.html]
[www.imdb.com/name/nm0005450/index.html]
[www.imdb.com/name/nm1443527/index.html]
[www.imdb.com/name/nm0420955/index.html]
[www.imdb.com/name/nm0000448/index.html]
[www.imdb.com/name/nm1036181/index.html]
[www.imdb.com/name/nm1404519/index.html]
[www.imdb.com/name/nm1013003/index.html]
[www.imdb.com/name/nm0697905/index.html]
[www.imdb.com/name/nm0005327/index.html]
[www.imdb.com/name/nm0068260/index.html]
[www.imdb.com/name/nm1144419/index.html]
[www.imdb.com/name/nm0001667/index.html]
[www.imdb.com/name/nm0148418/index.html]
[www.imdb.com/name/nm0668123/index.html]
[www.imdb.com/name/nm0000200/index.html]
[www.imdb.com/name/nm0005098/index.html]
[www.imdb.com/name/nm0000339/index.html]
[www.imdb.com/name/nm0344435/index.html]
[www.imdb.com/name/nm0511088/index.html]
[www.imdb.com/name/nm0000597/index.html]
[www.imdb.com/name/nm0732497/index.html]
[www.imdb.com/name/nm0206359/index.html]
[www.imdb.com/name/nm1676221/index.html]
[www.imdb.com/name/nm1672246/index.html]
[www.imdb.com/name/nm1676223/index.html]
[www.imdb.com/name/nm1330560/index.html]
[www.imdb.com/name/nm1544217/index.html]
[www.imdb.com/name/nm1024677/index.html]
[www.imdb.com/name/nm0416673/index.html]
[www.imdb.com/name/nm0005227/index.html]
[www.imdb.com/name/nm0588679/index.html]
[www.imdb.com/name/nm0000106/index.html]
[www.imdb.com/name/nm0930151/index.html]
[www.imdb.com/name/nm0001659/index.html]
[www.imdb.com/name/nm2298598/index.html]
[www.imdb.com/name/nm1351634/index.html]
[www.imdb.com/list/ls058011111/indexb4fc.html]
[www.imdb.com/list/ls058011111/indexa828.html]
[www.imdb.com/name/nm0001722/index.html]
[www.imdb.com/name/nm0001806/index.html]
[www.imdb.com/name/nm0000885/index.html]
[www.imdb.com/list/ls058011111/indexf172.html]
[www.imdb.com/name/nm0000706/index.html]
[www.imdb.com/name/nm0000144/index.html]
[www.imdb.com/name/nm0000453/index.html]
[www.imdb.com/name/nm0001447/index.html]
[www.imdb.com/name/nm1158871/index.html]
[www.imdb.com/name/nm0255891/index.html]
[www.imdb.com/name/nm0001454/index.html]
[www.imdb.com/name/nm0176869/index.html]
[www.imdb.com/name/nm0942482/index.html]
[www.imdb.com/name/nm0056187/index.html]
[www.imdb.com/name/nm0000329/index.html]
[www.imdb.com/name/nm0941777/index.html]
[www.imdb.com/name/nm0014883/index.html]
[www.imdb.com/name/nm0202603/index.html]
[www.imdb.com/name/nm0202638/index.html]
[www.imdb.com/name/nm0058581/index.html]
[www.imdb.com/name/nm0000547/index.html]
[www.imdb.com/name/nm0000092/index.html]
[www.imdb.com/name/nm0000409/index.html]
[www.imdb.com/name/nm0000434/index.html]
[www.imdb.com/name/nm0001084/index.html]
[www.imdb.com/name/nm0000630/index.html]
[www.imdb.com/name/nm0775277/index.html]
[www.imdb.com/name/nm1159180/index.html]
[www.imdb.com/name/nm0000174/index.html]
[www.imdb.com/name/nm1258970/index.html]
[www.imdb.com/name/nm0005266/index.html]
[www.imdb.com/name/nm0005170/index.html]
[www.imdb.com/name/nm0001772/index.html]
[www.imdb.com/name/nm0005110/index.html]
[www.imdb.com/name/nm0001293/index.html]
[www.imdb.com/name/nm0001642/index.html]
[www.imdb.com/name/nm0000648/index.html]
[www.imdb.com/name/nm0654648/index.html]
[www.imdb.com/name/nm0524839/index.html]
[www.imdb.com/name/nm0835016/index.html]
[www.imdb.com/name/nm0001705/index.html]
[www.imdb.com/name/nm0059431/index.html]
[www.imdb.com/name/nm0159789/index.html]
[www.imdb.com/name/nm0829032/index.html]
[www.imdb.com/name/nm0001338/index.html]
[www.imdb.com/name/nm0079273/index.html]
[www.imdb.com/name/nm0000676/index.html]
[www.imdb.com/name/nm0491402/index.html]
[www.imdb.com/name/nm0841910/index.html]
[www.imdb.com/name/nm0524197/index.html]
[www.imdb.com/name/nm0000563/index.html]
[www.imdb.com/name/nm0000973/index.html]
[www.imdb.com/name/nm0000650/index.html]
[www.imdb.com/name/nm0996669/index.html]
[www.imdb.com/name/nm0424216/index.html]
[www.imdb.com/name/nm0005541/index.html]
[www.imdb.com/name/nm2541974/index.html]
[www.imdb.com/name/nm0191408/index.html]
[www.imdb.com/name/nm0000983/index.html]
[www.imdb.com/name/nm0000346/index.html]
[www.imdb.com/name/nm2246727/index.html]
[www.imdb.com/name/nm0191413/index.html]
[www.imdb.com/name/nm0001684/index.html]
[www.imdb.com/name/nm0000385/index.html]
[www.imdb.com/name/nm0001029/index.html]
[www.imdb.com/name/nm0006890/index.html]
[www.imdb.com/name/nm0715906/index.html]
[www.imdb.com/name/nm0364813/index.html]
[www.imdb.com/name/nm0001321/index.html]
[www.imdb.com/name/nm0364578/index.html]
[www.imdb.com/name/nm0364807/index.html]
[www.imdb.com/name/nm0555617/index.html]
[www.imdb.com/name/nm0837177/index.html]
[www.imdb.com/name/nm0001326/index.html]
[www.imdb.com/name/nm0933940/index.html]
[www.imdb.com/name/nm0614165/index.html]
[www.imdb.com/name/nm0001082/index.html]
[www.imdb.com/name/nm2395586/index.html]
[www.imdb.com/name/nm1107001/index.html]
[www.imdb.com/name/nm0648249/index.html]
[www.imdb.com/name/nm1265802/index.html]
[www.imdb.com/name/nm0005561/index.html]
[www.imdb.com/name/nm0932992/index.html]
[www.imdb.com/name/nm0005562/index.html]
[www.imdb.com/name/nm0765597/index.html]
[www.imdb.com/name/nm0406975/index.html]
[www.imdb.com/name/nm0333410/index.html]
[www.imdb.com/name/nm0366389/index.html]
[www.imdb.com/name/nm0200452/index.html]
[www.imdb.com/name/nm0005107/index.html]
[www.imdb.com/name/nm0737967/index.html]
[www.imdb.com/name/nm2099543/index.html]
[www.imdb.com/name/nm0352778/index.html]
[www.imdb.com/name/nm0005165/index.html]
[www.imdb.com/name/nm0000507/index.html]
[www.imdb.com/name/nm0005450/index.html]
[www.imdb.com/name/nm1443527/index.html]
[www.imdb.com/name/nm0420955/index.html]
[www.imdb.com/name/nm0000448/index.html]
[www.imdb.com/name/nm1036181/index.html]
[www.imdb.com/name/nm1404519/index.html]
[www.imdb.com/name/nm1013003/index.html]
[www.imdb.com/name/nm0697905/index.html]
[www.imdb.com/name/nm0005327/index.html]
[www.imdb.com/name/nm0068260/index.html]
[www.imdb.com/name/nm1144419/index.html]
[www.imdb.com/name/nm0001667/index.html]
[www.imdb.com/name/nm0148418/index.html]
[www.imdb.com/name/nm0668123/index.html]
[www.imdb.com/name/nm0000200/index.html]
[www.imdb.com/name/nm0005098/index.html]
[www.imdb.com/name/nm0000339/index.html]
[www.imdb.com/name/nm0344435/index.html]
[www.imdb.com/name/nm0511088/index.html]
[www.imdb.com/name/nm0000597/index.html]
[www.imdb.com/name/nm0732497/index.html]
[www.imdb.com/name/nm0206359/index.html]
[www.imdb.com/name/nm1676221/index.html]
[www.imdb.com/name/nm1672246/index.html]
[www.imdb.com/name/nm1676223/index.html]
[www.imdb.com/name/nm1330560/index.html]
[www.imdb.com/name/nm1544217/index.html]
[www.imdb.com/name/nm1024677/index.html]
[www.imdb.com/name/nm0416673/index.html]
[www.imdb.com/name/nm0005227/index.html]
[www.imdb.com/name/nm0588679/index.html]
[www.imdb.com/name/nm0000106/index.html]
[www.imdb.com/name/nm0930151/index.html]
[www.imdb.com/name/nm0001659/index.html]
[www.imdb.com/name/nm2298598/index.html]
[www.imdb.com/name/nm1351634/index.html]
[www.imdb.com/list/ls058011111/indexb4fc.html]
[www.imdb.com/list/ls058011111/indexa828.html]
[www.imdb.com/name/nm0001722/index.html]
[www.imdb.com/name/nm0001806/index.html]
[www.imdb.com/name/nm0000885/index.html]
